<html>
<body>
<pre>
<h1>µVision Build Log</h1>
<h2>Tool Versions:</h2>
IDE-Version: µVision V5.38.0.0
Copyright (C) 2022 ARM Ltd and ARM Germany GmbH. All rights reserved.
License Information: hunter criss, wvu, LIC=----
 
Tool Versions:
Toolchain:       MDK-Lite  Version: 5.38.0.0
Toolchain Path:  C:\Keil_v5\ARM\ARMCLANG\Bin
C Compiler:      ArmClang.exe V6.19
Assembler:       Armasm.exe V6.19
Linker/Locator:  ArmLink.exe V6.19
Library Manager: ArmAr.exe V6.19
Hex Converter:   FromElf.exe V6.19
CPU DLL:         SARMCM3.DLL V5.38.0.0
Dialog DLL:      DCM.DLL V1.17.5.0
Target DLL:      lmidk-agdi.dll V???
Dialog DLL:      TCM.DLL V1.56.4.0
 
<h2>Project:</h2>
C:\Users\Hunter Criss\Documents\CPE310\OLED_Driver\I2C.uvprojx
Project File Date:  01/06/2024

<h2>Output:</h2>
*** Using Compiler 'V6.19', folder: 'C:\Keil_v5\ARM\ARMCLANG\Bin'
Rebuild target 'Target 1'
assembling Startup.s...
compiling BayesFunctions.c...
compiling BayesFunctionsF16.c...
compiling BasicMathFunctionsF16.c...
compiling I2C.c...
compiling BasicMathFunctions.c...
compiling ComplexMathFunctionsF16.c...
compiling ControllerFunctions.c...
compiling ComplexMathFunctions.c...
compiling DistanceFunctionsF16.c...
compiling DistanceFunctions.c...
compiling FastMathFunctionsF16.c...
compiling FastMathFunctions.c...
compiling FilteringFunctionsF16.c...
compiling CommonTablesF16.c...
compiling InterpolationFunctions.c...
compiling InterpolationFunctionsF16.c...
compiling SVMFunctions.c...
compiling QuaternionMathFunctions.c...
compiling MatrixFunctionsF16.c...
compiling SVMFunctionsF16.c...
compiling StatisticsFunctionsF16.c...
compiling SupportFunctionsF16.c...
compiling MatrixFunctions.c...
compiling SupportFunctions.c...
compiling StatisticsFunctions.c...
compiling arm_nn_activation_s16.c...
compiling arm_relu6_s8.c...
compiling arm_relu_q15.c...
compiling FilteringFunctions.c...
compiling arm_relu_q7.c...
compiling TransformFunctionsF16.c...
compiling arm_elementwise_add_s16.c...
compiling arm_elementwise_add_s8.c...
compiling arm_elementwise_mul_s16.c...
compiling arm_elementwise_mul_s16_s8.c...
compiling arm_elementwise_mul_s8.c...
compiling arm_concatenation_s8_w.c...
compiling arm_concatenation_s8_x.c...
compiling arm_concatenation_s8_y.c...
compiling arm_concatenation_s8_z.c...
compiling arm_convolve_1_x_n_s8.c...
compiling arm_convolve_1x1_s8.c...
compiling TransformFunctions.c...
compiling CommonTables.c...
compiling arm_convolve_1x1_s8_fast.c...
compiling arm_convolve_s16.c...
compiling arm_convolve_fast_s16.c...
compiling arm_convolve_s8.c...
compiling arm_convolve_wrapper_s16.c...
compiling arm_convolve_wrapper_s8.c...
compiling arm_depthwise_conv_3x3_s8.c...
compiling arm_depthwise_conv_fast_s16.c...
compiling arm_depthwise_conv_s16.c...
compiling arm_depthwise_conv_s8.c...
compiling arm_depthwise_conv_wrapper_s16.c...
compiling arm_depthwise_conv_wrapper_s8.c...
compiling arm_depthwise_conv_s8_opt.c...
compiling arm_nn_depthwise_conv_s8_core.c...
compiling arm_nn_mat_mult_s8.c...
compiling arm_fully_connected_s8.c...
compiling arm_fully_connected_s16.c...
compiling arm_nn_mat_mult_kernel_s8_s16.c...
compiling arm_lstm_unidirectional_s8_s16.c...
compiling arm_nn_depthwise_conv_nt_t_padded_s8.c...
compiling arm_nn_depthwise_conv_nt_t_s16.c...
compiling arm_nn_depthwise_conv_nt_t_s8.c...
compiling arm_nn_lstm_calculate_gate_s8_s16.c...
compiling arm_nn_lstm_update_cell_state_s16.c...
compiling arm_nn_lstm_update_output_s8_s16.c...
compiling arm_nn_lstm_step_s8_s16.c...
compiling arm_nn_mat_mul_core_1x_s8.c...
compiling arm_nn_mat_mul_core_4x_s8.c...
compiling arm_nn_mat_mul_kernel_s16.c...
compiling arm_nn_vec_mat_mul_result_acc_s8.c...
compiling arm_nntables.c...
compiling arm_nn_vec_mat_mult_t_s16.c...
compiling arm_nn_vec_mat_mult_t_s8.c...
compiling arm_nn_vec_mat_mult_t_svdf_s8.c...
compiling arm_nn_mat_mult_nt_t_s8.c...
compiling arm_q7_to_q15_with_offset.c...
compiling arm_avgpool_s16.c...
compiling arm_max_pool_s16.c...
compiling arm_reshape_s8.c...
compiling arm_max_pool_s8.c...
compiling arm_avgpool_s8.c...
compiling arm_svdf_s8.c...
compiling arm_svdf_state_s16_s8.c...
compiling arm_softmax_s8.c...
compiling arm_softmax_s16.c...
compiling arm_softmax_s8_s16.c...
compiling arm_nn_softmax_common_s8.c...
compiling arm_softmax_u8.c...
linking...
Program Size: Code=2418 RO-data=798 RW-data=0 ZI-data=352  
".\Objects\tiva_clocks.axf" - 0 Error(s), 0 Warning(s).

<h2>Software Packages used:</h2>

Package Vendor: ARM
                http://www.keil.com/pack/ARM.CMSIS.5.9.0.pack
                ARM.CMSIS.5.9.0
                CMSIS (Common Microcontroller Software Interface Standard)
   * Component: CORE Version: 5.6.0

Package Vendor: ARM
                https://www.keil.com/pack/ARM.CMSIS-DSP.1.14.2.pack
                ARM.CMSIS-DSP.1.14.2
                CMSIS Embedded Compute Library
   * Component: DSP Variant: Source Version: 1.14.2

Package Vendor: ARM
                https://www.keil.com/pack/ARM.CMSIS-NN.4.0.0.pack
                ARM.CMSIS-NN.4.0.0
                CMSIS (Common Microcontroller Software Interface Standard)
   * Component: NN Lib Version: 4.0.0

Package Vendor: Keil
                http://www.keil.com/pack/Keil.TM4C_DFP.1.1.0.pack
                Keil.TM4C_DFP.1.1.0
                Texas Instruments Tiva C Series Device Support and Examples

<h2>Collection of Component include folders:</h2>
  ./RTE/_Target_1
  C:/Users/Hunter Criss/AppData/Local/Arm/Packs/ARM/CMSIS-DSP/1.14.2/Include
  C:/Users/Hunter Criss/AppData/Local/Arm/Packs/ARM/CMSIS-DSP/1.14.2/PrivateInclude
  C:/Users/Hunter Criss/AppData/Local/Arm/Packs/ARM/CMSIS-NN/4.0.0/Include
  C:/Users/Hunter Criss/AppData/Local/Arm/Packs/ARM/CMSIS/5.9.0/CMSIS/Core/Include
  C:/Users/Hunter Criss/AppData/Local/Arm/Packs/Keil/TM4C_DFP/1.1.0/Device/Include/TM4C123

<h2>Collection of Component Files used:</h2>

   * Component: ARM::CMSIS:CORE:5.6.0

   * Component: ARM::CMSIS:DSP:Source:1.14.2
      Source file:   Source/ComplexMathFunctions/ComplexMathFunctions.c
      Source file:   Source/ControllerFunctions/ControllerFunctions.c
      Include file:  Include/arm_common_tables_f16.h
      Include file:  Include/arm_const_structs_f16.h
      Include file:  Include/arm_const_structs.h
      Include file:  Include/arm_common_tables.h
      Include file:  Include/arm_math.h
      Include file:  Include/arm_math_f16.h
      Source file:   Source/BasicMathFunctions/BasicMathFunctions.c
      Source file:   Source/QuaternionMathFunctions/QuaternionMathFunctions.c
      Source file:   Source/BayesFunctions/BayesFunctions.c
      Source file:   Source/CommonTables/CommonTables.c
      Source file:   Source/TransformFunctions/TransformFunctions.c
      Source file:   Source/FastMathFunctions/FastMathFunctions.c
      Source file:   Source/MatrixFunctions/MatrixFunctionsF16.c
      Source file:   Source/BasicMathFunctions/BasicMathFunctionsF16.c
      Source file:   Source/StatisticsFunctions/StatisticsFunctions.c
      Source file:   Source/SupportFunctions/SupportFunctions.c
      Source file:   Source/FastMathFunctions/FastMathFunctionsF16.c
      Source file:   Source/CommonTables/CommonTablesF16.c
      Source file:   Source/FilteringFunctions/FilteringFunctions.c
      Source file:   Source/BayesFunctions/BayesFunctionsF16.c
      Source file:   Source/SVMFunctions/SVMFunctions.c
      Source file:   Source/TransformFunctions/TransformFunctionsF16.c
      Source file:   Source/InterpolationFunctions/InterpolationFunctions.c
      Source file:   Source/InterpolationFunctions/InterpolationFunctionsF16.c
      Source file:   Source/SupportFunctions/SupportFunctionsF16.c
      Source file:   Source/StatisticsFunctions/StatisticsFunctionsF16.c
      Source file:   Source/DistanceFunctions/DistanceFunctionsF16.c
      Source file:   Source/SVMFunctions/SVMFunctionsF16.c
      Source file:   Source/DistanceFunctions/DistanceFunctions.c
      Source file:   Source/ComplexMathFunctions/ComplexMathFunctionsF16.c
      Source file:   Source/MatrixFunctions/MatrixFunctions.c
      Source file:   Source/FilteringFunctions/FilteringFunctionsF16.c

   * Component: ARM::CMSIS:NN Lib:4.0.0
      Include file:  Include/arm_nnfunctions.h
      Source file:   Source/ConvolutionFunctions/arm_convolve_wrapper_s8.c
      Source file:   Source/ConvolutionFunctions/arm_convolve_1x1_s8_fast.c
      Source file:   Source/ConcatenationFunctions/arm_concatenation_s8_y.c
      Include file:  Include/arm_nnsupportfunctions.h
      Source file:   Source/ConvolutionFunctions/arm_convolve_fast_s16.c
      Source file:   Source/ConvolutionFunctions/arm_depthwise_conv_3x3_s8.c
      Source file:   Source/ConvolutionFunctions/arm_convolve_wrapper_s16.c
      Source file:   Source/ConvolutionFunctions/arm_depthwise_conv_s8.c
      Source file:   Source/ConcatenationFunctions/arm_concatenation_s8_x.c
      Source file:   Source/ConvolutionFunctions/arm_depthwise_conv_wrapper_s8.c
      Include file:  Include/arm_nn_types.h
      Include file:  Include/arm_nn_tables.h
      Source file:   Source/ConvolutionFunctions/arm_nn_mat_mult_kernel_s8_s16.c
      Source file:   Source/ConvolutionFunctions/arm_convolve_1_x_n_s8.c
      Source file:   Source/ConvolutionFunctions/arm_depthwise_conv_s16.c
      Source file:   Source/ConvolutionFunctions/arm_depthwise_conv_fast_s16.c
      Source file:   Source/ConvolutionFunctions/arm_convolve_1x1_s8.c
      Source file:   Source/ConvolutionFunctions/arm_convolve_s8.c
      Source file:   Source/ConvolutionFunctions/arm_nn_mat_mult_s8.c
      Include file:  Include/arm_nn_math_types.h
      Source file:   Source/ConvolutionFunctions/arm_convolve_s16.c
      Source file:   Source/ConvolutionFunctions/arm_depthwise_conv_s8_opt.c
      Source file:   Source/ConvolutionFunctions/arm_nn_depthwise_conv_s8_core.c
      Source file:   Source/ConcatenationFunctions/arm_concatenation_s8_w.c
      Source file:   Source/ConvolutionFunctions/arm_depthwise_conv_wrapper_s16.c
      Source file:   Source/ActivationFunctions/arm_relu_q7.c
      Source file:   Source/NNSupportFunctions/arm_nn_vec_mat_mult_t_s8.c
      Source file:   Source/NNSupportFunctions/arm_q7_to_q15_with_offset.c
      Source file:   Source/PoolingFunctions/arm_max_pool_s16.c
      Source file:   Source/NNSupportFunctions/arm_nn_mat_mul_kernel_s16.c
      Source file:   Source/BasicMathFunctions/arm_elementwise_add_s16.c
      Source file:   Source/NNSupportFunctions/arm_nn_mat_mult_nt_t_s8.c
      Source file:   Source/NNSupportFunctions/arm_nn_mat_mul_core_4x_s8.c
      Source file:   Source/NNSupportFunctions/arm_nntables.c
      Source file:   Source/NNSupportFunctions/arm_nn_mat_mul_core_1x_s8.c
      Source file:   Source/PoolingFunctions/arm_avgpool_s8.c
      Source file:   Source/PoolingFunctions/arm_max_pool_s8.c
      Source file:   Source/ActivationFunctions/arm_relu_q15.c
      Source file:   Source/NNSupportFunctions/arm_nn_lstm_step_s8_s16.c
      Source file:   Source/NNSupportFunctions/arm_nn_depthwise_conv_nt_t_padded_s8.c
      Source file:   Source/NNSupportFunctions/arm_nn_lstm_update_cell_state_s16.c
      Source file:   Source/ActivationFunctions/arm_relu6_s8.c
      Source file:   Source/BasicMathFunctions/arm_elementwise_mul_s16_s8.c
      Source file:   Source/BasicMathFunctions/arm_elementwise_mul_s16.c
      Source file:   Source/ActivationFunctions/arm_nn_activation_s16.c
      Source file:   Source/SVDFunctions/arm_svdf_state_s16_s8.c
      Source file:   Source/BasicMathFunctions/arm_elementwise_mul_s8.c
      Source file:   Source/SVDFunctions/arm_svdf_s8.c
      Source file:   Source/NNSupportFunctions/arm_nn_depthwise_conv_nt_t_s16.c
      Source file:   Source/PoolingFunctions/arm_avgpool_s16.c
      Source file:   Source/ConcatenationFunctions/arm_concatenation_s8_z.c
      Source file:   Source/ReshapeFunctions/arm_reshape_s8.c
      Source file:   Source/NNSupportFunctions/arm_nn_vec_mat_mult_t_svdf_s8.c
      Source file:   Source/BasicMathFunctions/arm_elementwise_add_s8.c
      Source file:   Source/NNSupportFunctions/arm_nn_depthwise_conv_nt_t_s8.c
      Source file:   Source/NNSupportFunctions/arm_nn_vec_mat_mult_t_s16.c
      Source file:   Source/NNSupportFunctions/arm_nn_lstm_update_output_s8_s16.c
      Source file:   Source/SoftmaxFunctions/arm_nn_softmax_common_s8.c
      Source file:   Source/SoftmaxFunctions/arm_softmax_s8_s16.c
      Source file:   Source/NNSupportFunctions/arm_nn_lstm_calculate_gate_s8_s16.c
      Source file:   Source/NNSupportFunctions/arm_nn_vec_mat_mul_result_acc_s8.c
      Source file:   Source/LSTMFunctions/arm_lstm_unidirectional_s8_s16.c
      Source file:   Source/SoftmaxFunctions/arm_softmax_s8.c
      Source file:   Source/FullyConnectedFunctions/arm_fully_connected_s8.c
      Source file:   Source/SoftmaxFunctions/arm_softmax_u8.c
      Source file:   Source/FullyConnectedFunctions/arm_fully_connected_s16.c
      Source file:   Source/SoftmaxFunctions/arm_softmax_s16.c
Build Time Elapsed:  00:00:04
</pre>
</body>
</html>
