Component: Arm Compiler for Embedded 6.19 Tool: armlink [5e73cb00]

==============================================================================

Section Cross References

    startup.o(STACK) refers (Special) to heapauxi.o(.text) for __use_two_region_memory
    startup.o(HEAP) refers (Special) to heapauxi.o(.text) for __use_two_region_memory
    startup.o(RESET) refers (Special) to heapauxi.o(.text) for __use_two_region_memory
    startup.o(RESET) refers to startup.o(STACK) for StackMem
    startup.o(RESET) refers to __main.o(!!!main) for __main
    startup.o(.text) refers (Special) to heapauxi.o(.text) for __use_two_region_memory
    startup.o(.text) refers to startup.o(HEAP) for HeapMem
    startup.o(.text) refers to startup.o(STACK) for StackMem
    i2c.o(.text.main) refers to i2c.o(.text.I2C3_Init) for I2C3_Init
    i2c.o(.text.main) refers to i2c.o(.text.OLED_Init) for OLED_Init
    i2c.o(.text.main) refers to i2c.o(.text.OLED_Clear) for OLED_Clear
    i2c.o(.text.main) refers to i2c.o(.text.OLED_YX) for OLED_YX
    i2c.o(.text.main) refers to i2c.o(.rodata.str1.1) for .L.str
    i2c.o(.text.main) refers to i2c.o(.text.OLED_Write_String) for OLED_Write_String
    i2c.o(.text.main) refers to i2c.o(.text.Delay_ms) for Delay_ms
    i2c.o(.text.main) refers to i2c.o(.text.OLED_Draw_Rectangle) for OLED_Draw_Rectangle
    i2c.o(.ARM.exidx.text.main) refers to i2c.o(.text.main) for [Anonymous Symbol]
    i2c.o(.ARM.exidx.text.I2C3_Init) refers to i2c.o(.text.I2C3_Init) for [Anonymous Symbol]
    i2c.o(.text.OLED_YX) refers to i2c.o(.text.OLED_Command) for OLED_Command
    i2c.o(.ARM.exidx.text.OLED_YX) refers to i2c.o(.text.OLED_YX) for [Anonymous Symbol]
    i2c.o(.text.OLED_Write_String) refers to i2c.o(.text.OLED_PutChar) for OLED_PutChar
    i2c.o(.ARM.exidx.text.OLED_Write_String) refers to i2c.o(.text.OLED_Write_String) for [Anonymous Symbol]
    i2c.o(.ARM.exidx.text.Delay_ms) refers to i2c.o(.text.Delay_ms) for [Anonymous Symbol]
    i2c.o(.text.OLED_Draw_Rectangle) refers to i2c.o(.text.OLED_YX) for OLED_YX
    i2c.o(.text.OLED_Draw_Rectangle) refers to i2c.o(.text.OLED_Data) for OLED_Data
    i2c.o(.ARM.exidx.text.OLED_Draw_Rectangle) refers to i2c.o(.text.OLED_Draw_Rectangle) for [Anonymous Symbol]
    i2c.o(.text.I2C3_Wr) refers to i2c.o(.text.I2C_wait_till_done) for I2C_wait_till_done
    i2c.o(.ARM.exidx.text.I2C3_Wr) refers to i2c.o(.text.I2C3_Wr) for [Anonymous Symbol]
    i2c.o(.ARM.exidx.text.I2C_wait_till_done) refers to i2c.o(.text.I2C_wait_till_done) for [Anonymous Symbol]
    i2c.o(.text.I2C3_Write_Multiple) refers to i2c.o(.text.I2C_wait_till_done) for I2C_wait_till_done
    i2c.o(.ARM.exidx.text.I2C3_Write_Multiple) refers to i2c.o(.text.I2C3_Write_Multiple) for [Anonymous Symbol]
    i2c.o(.text.OLED_Command) refers to i2c.o(.text.I2C3_Wr) for I2C3_Wr
    i2c.o(.ARM.exidx.text.OLED_Command) refers to i2c.o(.text.OLED_Command) for [Anonymous Symbol]
    i2c.o(.text.OLED_Data) refers to i2c.o(.text.I2C3_Wr) for I2C3_Wr
    i2c.o(.ARM.exidx.text.OLED_Data) refers to i2c.o(.text.OLED_Data) for [Anonymous Symbol]
    i2c.o(.text.OLED_Init) refers to i2c.o(.text.OLED_Command) for OLED_Command
    i2c.o(.ARM.exidx.text.OLED_Init) refers to i2c.o(.text.OLED_Init) for [Anonymous Symbol]
    i2c.o(.text.OLED_PutChar) refers to i2c.o(.rodata.OledFont) for OledFont
    i2c.o(.text.OLED_PutChar) refers to i2c.o(.text.I2C3_Write_Multiple) for I2C3_Write_Multiple
    i2c.o(.ARM.exidx.text.OLED_PutChar) refers to i2c.o(.text.OLED_PutChar) for [Anonymous Symbol]
    i2c.o(.text.OLED_Clear) refers to i2c.o(.text.OLED_YX) for OLED_YX
    i2c.o(.text.OLED_Clear) refers to i2c.o(.text.OLED_PutChar) for OLED_PutChar
    i2c.o(.ARM.exidx.text.OLED_Clear) refers to i2c.o(.text.OLED_Clear) for [Anonymous Symbol]
    i2c.o(.text.OLED_Write_Integer) refers to i2c.o(.rodata.str1.1) for .L.str.1
    i2c.o(.text.OLED_Write_Integer) refers to sprintf.o(.text) for sprintf
    i2c.o(.text.OLED_Write_Integer) refers to i2c.o(.text.OLED_Write_String) for OLED_Write_String
    i2c.o(.ARM.exidx.text.OLED_Write_Integer) refers to i2c.o(.text.OLED_Write_Integer) for [Anonymous Symbol]
    i2c.o(.text.OLED_Write_Float) refers to f2d.o(x$fpl$f2d) for __aeabi_f2d
    i2c.o(.text.OLED_Write_Float) refers to i2c.o(.rodata.str1.1) for .L.str.3
    i2c.o(.text.OLED_Write_Float) refers to sprintf.o(.text) for sprintf
    i2c.o(.text.OLED_Write_Float) refers to i2c.o(.text.OLED_Write_String) for OLED_Write_String
    i2c.o(.ARM.exidx.text.OLED_Write_Float) refers to i2c.o(.text.OLED_Write_Float) for [Anonymous Symbol]
    i2c.o(.ARM.exidx.text.SystemInit) refers to i2c.o(.text.SystemInit) for [Anonymous Symbol]
    basicmathfunctions.o(.ARM.exidx.text.arm_abs_f32) refers to basicmathfunctions.o(.text.arm_abs_f32) for [Anonymous Symbol]
    basicmathfunctions.o(.ARM.exidx.text.arm_abs_f64) refers to basicmathfunctions.o(.text.arm_abs_f64) for [Anonymous Symbol]
[...]
    Removing transformfunctions.o(.text.arm_rfft_4096_fast_init_f32), (88 bytes).
    Removing transformfunctions.o(.ARM.exidx.text.arm_rfft_4096_fast_init_f32), (8 bytes).
    Removing transformfunctions.o(.text.arm_rfft_2048_fast_init_f32), (88 bytes).
    Removing transformfunctions.o(.ARM.exidx.text.arm_rfft_2048_fast_init_f32), (8 bytes).
    Removing transformfunctions.o(.text.arm_rfft_1024_fast_init_f32), (88 bytes).
    Removing transformfunctions.o(.ARM.exidx.text.arm_rfft_1024_fast_init_f32), (8 bytes).
    Removing transformfunctions.o(.text.arm_rfft_512_fast_init_f32), (88 bytes).
    Removing transformfunctions.o(.ARM.exidx.text.arm_rfft_512_fast_init_f32), (8 bytes).
    Removing transformfunctions.o(.text.arm_rfft_256_fast_init_f32), (86 bytes).
    Removing transformfunctions.o(.ARM.exidx.text.arm_rfft_256_fast_init_f32), (8 bytes).
    Removing transformfunctions.o(.text.arm_rfft_128_fast_init_f32), (84 bytes).
    Removing transformfunctions.o(.ARM.exidx.text.arm_rfft_128_fast_init_f32), (8 bytes).
    Removing transformfunctions.o(.text.arm_rfft_64_fast_init_f32), (84 bytes).
    Removing transformfunctions.o(.ARM.exidx.text.arm_rfft_64_fast_init_f32), (8 bytes).
    Removing transformfunctions.o(.text.arm_rfft_32_fast_init_f32), (84 bytes).
    Removing transformfunctions.o(.ARM.exidx.text.arm_rfft_32_fast_init_f32), (8 bytes).
    Removing transformfunctions.o(.text.arm_rfft_fast_init_f64), (226 bytes).
    Removing transformfunctions.o(.ARM.exidx.text.arm_rfft_fast_init_f64), (8 bytes).
    Removing transformfunctions.o(.text.arm_rfft_4096_fast_init_f64), (98 bytes).
    Removing transformfunctions.o(.ARM.exidx.text.arm_rfft_4096_fast_init_f64), (8 bytes).
    Removing transformfunctions.o(.text.arm_rfft_2048_fast_init_f64), (98 bytes).
    Removing transformfunctions.o(.ARM.exidx.text.arm_rfft_2048_fast_init_f64), (8 bytes).
    Removing transformfunctions.o(.text.arm_rfft_1024_fast_init_f64), (98 bytes).
    Removing transformfunctions.o(.ARM.exidx.text.arm_rfft_1024_fast_init_f64), (8 bytes).
    Removing transformfunctions.o(.text.arm_rfft_512_fast_init_f64), (96 bytes).
    Removing transformfunctions.o(.ARM.exidx.text.arm_rfft_512_fast_init_f64), (8 bytes).
    Removing transformfunctions.o(.text.arm_rfft_256_fast_init_f64), (94 bytes).
    Removing transformfunctions.o(.ARM.exidx.text.arm_rfft_256_fast_init_f64), (8 bytes).
    Removing transformfunctions.o(.text.arm_rfft_128_fast_init_f64), (92 bytes).
    Removing transformfunctions.o(.ARM.exidx.text.arm_rfft_128_fast_init_f64), (8 bytes).
    Removing transformfunctions.o(.text.arm_rfft_64_fast_init_f64), (92 bytes).
    Removing transformfunctions.o(.ARM.exidx.text.arm_rfft_64_fast_init_f64), (8 bytes).
    Removing transformfunctions.o(.text.arm_rfft_32_fast_init_f64), (92 bytes).
    Removing transformfunctions.o(.ARM.exidx.text.arm_rfft_32_fast_init_f64), (8 bytes).
    Removing transformfunctions.o(.text.arm_mfcc_init_f32), (104 bytes).
    Removing transformfunctions.o(.ARM.exidx.text.arm_mfcc_init_f32), (8 bytes).
    Removing transformfunctions.o(.text.arm_mfcc_f32), (284 bytes).
    Removing transformfunctions.o(.ARM.exidx.text.arm_mfcc_f32), (8 bytes).
    Removing transformfunctions.o(.text.arm_mfcc_init_q31), (106 bytes).
    Removing transformfunctions.o(.ARM.exidx.text.arm_mfcc_init_q31), (8 bytes).
    Removing transformfunctions.o(.text.arm_rfft_init_q31), (352 bytes).
    Removing transformfunctions.o(.ARM.exidx.text.arm_rfft_init_q31), (8 bytes).
    Removing transformfunctions.o(.text.arm_mfcc_q31), (448 bytes).
    Removing transformfunctions.o(.ARM.exidx.text.arm_mfcc_q31), (8 bytes).
    Removing transformfunctions.o(.text.arm_rfft_q31), (144 bytes).
    Removing transformfunctions.o(.ARM.exidx.text.arm_rfft_q31), (8 bytes).
    Removing transformfunctions.o(.text.arm_mfcc_init_q15), (106 bytes).
    Removing transformfunctions.o(.ARM.exidx.text.arm_mfcc_init_q15), (8 bytes).
    Removing transformfunctions.o(.text.arm_rfft_init_q15), (352 bytes).
    Removing transformfunctions.o(.ARM.exidx.text.arm_rfft_init_q15), (8 bytes).
    Removing transformfunctions.o(.text.arm_mfcc_q15), (498 bytes).
    Removing transformfunctions.o(.ARM.exidx.text.arm_mfcc_q15), (8 bytes).
    Removing transformfunctions.o(.text.arm_rfft_q15), (144 bytes).
    Removing transformfunctions.o(.ARM.exidx.text.arm_rfft_q15), (8 bytes).
    Removing transformfunctions.o(.text.arm_dct4_f32), (376 bytes).
    Removing transformfunctions.o(.ARM.exidx.text.arm_dct4_f32), (8 bytes).
    Removing transformfunctions.o(.text.arm_rfft_f32), (186 bytes).
    Removing transformfunctions.o(.ARM.exidx.text.arm_rfft_f32), (8 bytes).
    Removing transformfunctions.o(.text.arm_dct4_init_f32), (254 bytes).
    Removing transformfunctions.o(.ARM.exidx.text.arm_dct4_init_f32), (8 bytes).
    Removing transformfunctions.o(.text.arm_rfft_init_f32), (218 bytes).
    Removing transformfunctions.o(.ARM.exidx.text.arm_rfft_init_f32), (8 bytes).
    Removing transformfunctions.o(.text.arm_dct4_init_q15), (254 bytes).
    Removing transformfunctions.o(.ARM.exidx.text.arm_dct4_init_q15), (8 bytes).
    Removing transformfunctions.o(.text.arm_dct4_init_q31), (244 bytes).
    Removing transformfunctions.o(.ARM.exidx.text.arm_dct4_init_q31), (8 bytes).
    Removing transformfunctions.o(.text.arm_dct4_q15), (384 bytes).
    Removing transformfunctions.o(.ARM.exidx.text.arm_dct4_q15), (8 bytes).
    Removing transformfunctions.o(.text.arm_dct4_q31), (370 bytes).
    Removing transformfunctions.o(.ARM.exidx.text.arm_dct4_q31), (8 bytes).
    Removing transformfunctions.o(.text.arm_split_rifft_f32), (322 bytes).
    Removing transformfunctions.o(.ARM.exidx.text.arm_split_rifft_f32), (8 bytes).
    Removing transformfunctions.o(.text.arm_split_rfft_f32), (450 bytes).
    Removing transformfunctions.o(.ARM.exidx.text.arm_split_rfft_f32), (8 bytes).
    Removing transformfunctions.o(.text.arm_split_rifft_q15), (264 bytes).
    Removing transformfunctions.o(.ARM.exidx.text.arm_split_rifft_q15), (8 bytes).
    Removing transformfunctions.o(.text.arm_split_rfft_q15), (362 bytes).
    Removing transformfunctions.o(.ARM.exidx.text.arm_split_rfft_q15), (8 bytes).
    Removing transformfunctions.o(.text.arm_split_rifft_q31), (268 bytes).
    Removing transformfunctions.o(.ARM.exidx.text.arm_split_rifft_q31), (8 bytes).
    Removing transformfunctions.o(.text.arm_split_rfft_q31), (418 bytes).
    Removing transformfunctions.o(.ARM.exidx.text.arm_split_rfft_q31), (8 bytes).
    Removing transformfunctions.o(.text.arm_cfft_radix4_init_f32), (304 bytes).
    Removing transformfunctions.o(.ARM.exidx.text.arm_cfft_radix4_init_f32), (8 bytes).
    Removing transformfunctions.o(.text.arm_cfft_radix4_init_q15), (264 bytes).
    Removing transformfunctions.o(.ARM.exidx.text.arm_cfft_radix4_init_q15), (8 bytes).
    Removing transformfunctions.o(.text.arm_cfft_radix4_init_q31), (264 bytes).
    Removing transformfunctions.o(.ARM.exidx.text.arm_cfft_radix4_init_q31), (8 bytes).
    Removing transformfunctions.o(.text.arm_cfft_radix2_init_f32), (484 bytes).
    Removing transformfunctions.o(.ARM.exidx.text.arm_cfft_radix2_init_f32), (8 bytes).
    Removing transformfunctions.o(.text.arm_cfft_radix2_init_q15), (406 bytes).
    Removing transformfunctions.o(.ARM.exidx.text.arm_cfft_radix2_init_q15), (8 bytes).
    Removing transformfunctions.o(.text.arm_cfft_radix2_init_q31), (406 bytes).
    Removing transformfunctions.o(.ARM.exidx.text.arm_cfft_radix2_init_q31), (8 bytes).
    Removing transformfunctionsf16.o(.text), (0 bytes).
    Removing transformfunctionsf16.o(.text.arm_cfft_f16), (412 bytes).
    Removing transformfunctionsf16.o(.ARM.exidx.text.arm_cfft_f16), (8 bytes).
    Removing transformfunctionsf16.o(.text.arm_radix4_butterfly_f16), (4348 bytes).
    Removing transformfunctionsf16.o(.ARM.exidx.text.arm_radix4_butterfly_f16), (8 bytes).
    Removing transformfunctionsf16.o(.text.arm_cfft_radix4by2_f16), (594 bytes).
    Removing transformfunctionsf16.o(.ARM.exidx.text.arm_cfft_radix4by2_f16), (8 bytes).
    Removing transformfunctionsf16.o(.text.arm_cfft_init_f16), (386 bytes).
    Removing transformfunctionsf16.o(.ARM.exidx.text.arm_cfft_init_f16), (8 bytes).
    Removing transformfunctionsf16.o(.text.arm_cfft_radix2_f16), (96 bytes).
    Removing transformfunctionsf16.o(.ARM.exidx.text.arm_cfft_radix2_f16), (8 bytes).
    Removing transformfunctionsf16.o(.text.arm_radix2_butterfly_inverse_f16), (1634 bytes).
    Removing transformfunctionsf16.o(.ARM.exidx.text.arm_radix2_butterfly_inverse_f16), (8 bytes).
    Removing transformfunctionsf16.o(.text.arm_radix2_butterfly_f16), (1456 bytes).
    Removing transformfunctionsf16.o(.ARM.exidx.text.arm_radix2_butterfly_f16), (8 bytes).
    Removing transformfunctionsf16.o(.text.arm_bitreversal_f16), (490 bytes).
    Removing transformfunctionsf16.o(.ARM.exidx.text.arm_bitreversal_f16), (8 bytes).
    Removing transformfunctionsf16.o(.text.arm_cfft_radix4_f16), (96 bytes).
    Removing transformfunctionsf16.o(.ARM.exidx.text.arm_cfft_radix4_f16), (8 bytes).
    Removing transformfunctionsf16.o(.text.arm_radix4_butterfly_inverse_f16), (4690 bytes).
    Removing transformfunctionsf16.o(.ARM.exidx.text.arm_radix4_butterfly_inverse_f16), (8 bytes).
    Removing transformfunctionsf16.o(.text.arm_rfft_fast_init_f16), (226 bytes).
    Removing transformfunctionsf16.o(.ARM.exidx.text.arm_rfft_fast_init_f16), (8 bytes).
    Removing transformfunctionsf16.o(.text.arm_rfft_4096_fast_init_f16), (88 bytes).
    Removing transformfunctionsf16.o(.ARM.exidx.text.arm_rfft_4096_fast_init_f16), (8 bytes).
    Removing transformfunctionsf16.o(.text.arm_rfft_2048_fast_init_f16), (88 bytes).
    Removing transformfunctionsf16.o(.ARM.exidx.text.arm_rfft_2048_fast_init_f16), (8 bytes).
    Removing transformfunctionsf16.o(.text.arm_rfft_1024_fast_init_f16), (88 bytes).
    Removing transformfunctionsf16.o(.ARM.exidx.text.arm_rfft_1024_fast_init_f16), (8 bytes).
    Removing transformfunctionsf16.o(.text.arm_rfft_512_fast_init_f16), (88 bytes).
    Removing transformfunctionsf16.o(.ARM.exidx.text.arm_rfft_512_fast_init_f16), (8 bytes).
    Removing transformfunctionsf16.o(.text.arm_rfft_256_fast_init_f16), (86 bytes).
    Removing transformfunctionsf16.o(.ARM.exidx.text.arm_rfft_256_fast_init_f16), (8 bytes).
    Removing transformfunctionsf16.o(.text.arm_rfft_128_fast_init_f16), (84 bytes).
    Removing transformfunctionsf16.o(.ARM.exidx.text.arm_rfft_128_fast_init_f16), (8 bytes).
    Removing transformfunctionsf16.o(.text.arm_rfft_64_fast_init_f16), (84 bytes).
    Removing transformfunctionsf16.o(.ARM.exidx.text.arm_rfft_64_fast_init_f16), (8 bytes).
    Removing transformfunctionsf16.o(.text.arm_rfft_32_fast_init_f16), (84 bytes).
    Removing transformfunctionsf16.o(.ARM.exidx.text.arm_rfft_32_fast_init_f16), (8 bytes).
    Removing transformfunctionsf16.o(.text.stage_rfft_f16), (778 bytes).
    Removing transformfunctionsf16.o(.ARM.exidx.text.stage_rfft_f16), (8 bytes).
    Removing transformfunctionsf16.o(.text.merge_rfft_f16), (664 bytes).
    Removing transformfunctionsf16.o(.ARM.exidx.text.merge_rfft_f16), (8 bytes).
    Removing transformfunctionsf16.o(.text.arm_rfft_fast_f16), (82 bytes).
    Removing transformfunctionsf16.o(.ARM.exidx.text.arm_rfft_fast_f16), (8 bytes).
    Removing transformfunctionsf16.o(.text.arm_radix8_butterfly_f16), (6834 bytes).
    Removing transformfunctionsf16.o(.ARM.exidx.text.arm_radix8_butterfly_f16), (8 bytes).
    Removing transformfunctionsf16.o(.text.arm_mfcc_init_f16), (104 bytes).
    Removing transformfunctionsf16.o(.ARM.exidx.text.arm_mfcc_init_f16), (8 bytes).
    Removing transformfunctionsf16.o(.text.arm_mfcc_f16), (308 bytes).
    Removing transformfunctionsf16.o(.ARM.exidx.text.arm_mfcc_f16), (8 bytes).
    Removing transformfunctionsf16.o(.text.arm_cfft_radix2_init_f16), (484 bytes).
    Removing transformfunctionsf16.o(.ARM.exidx.text.arm_cfft_radix2_init_f16), (8 bytes).
    Removing transformfunctionsf16.o(.text.arm_cfft_radix4_init_f16), (304 bytes).
    Removing transformfunctionsf16.o(.ARM.exidx.text.arm_cfft_radix4_init_f16), (8 bytes).
    Removing arm_nn_activation_s16.o(.text), (0 bytes).
    Removing arm_nn_activation_s16.o(.text.arm_nn_activation_s16), (378 bytes).
    Removing arm_nn_activation_s16.o(.ARM.exidx.text.arm_nn_activation_s16), (8 bytes).
    Removing arm_relu6_s8.o(.text), (0 bytes).
    Removing arm_relu6_s8.o(.text.arm_relu6_s8), (100 bytes).
    Removing arm_relu6_s8.o(.ARM.exidx.text.arm_relu6_s8), (8 bytes).
    Removing arm_relu_q15.o(.text), (0 bytes).
    Removing arm_relu_q15.o(.text.arm_relu_q15), (206 bytes).
    Removing arm_relu_q15.o(.ARM.exidx.text.arm_relu_q15), (8 bytes).
    Removing arm_relu_q7.o(.text), (0 bytes).
    Removing arm_relu_q7.o(.text.arm_relu_q7), (222 bytes).
    Removing arm_relu_q7.o(.ARM.exidx.text.arm_relu_q7), (8 bytes).
    Removing arm_elementwise_add_s16.o(.text), (0 bytes).
    Removing arm_elementwise_add_s16.o(.text.arm_elementwise_add_s16), (2304 bytes).
    Removing arm_elementwise_add_s16.o(.ARM.exidx.text.arm_elementwise_add_s16), (8 bytes).
    Removing arm_elementwise_add_s8.o(.text), (0 bytes).
    Removing arm_elementwise_add_s8.o(.text.arm_elementwise_add_s8), (4454 bytes).
    Removing arm_elementwise_add_s8.o(.ARM.exidx.text.arm_elementwise_add_s8), (8 bytes).
    Removing arm_elementwise_mul_s16.o(.text), (0 bytes).
    Removing arm_elementwise_mul_s16.o(.text.arm_elementwise_mul_s16), (1044 bytes).
    Removing arm_elementwise_mul_s16.o(.ARM.exidx.text.arm_elementwise_mul_s16), (8 bytes).
    Removing arm_elementwise_mul_s16_s8.o(.text), (0 bytes).
    Removing arm_elementwise_mul_s16_s8.o(.text.arm_elementwise_mul_s16_s8), (372 bytes).
    Removing arm_elementwise_mul_s16_s8.o(.ARM.exidx.text.arm_elementwise_mul_s16_s8), (8 bytes).
    Removing arm_elementwise_mul_s8.o(.text), (0 bytes).
    Removing arm_elementwise_mul_s8.o(.text.arm_elementwise_mul_s8), (1850 bytes).
    Removing arm_elementwise_mul_s8.o(.ARM.exidx.text.arm_elementwise_mul_s8), (8 bytes).
    Removing arm_concatenation_s8_w.o(.text), (0 bytes).
    Removing arm_concatenation_s8_w.o(.text.arm_concatenation_s8_w), (108 bytes).
    Removing arm_concatenation_s8_w.o(.ARM.exidx.text.arm_concatenation_s8_w), (8 bytes).
    Removing arm_concatenation_s8_x.o(.text), (0 bytes).
    Removing arm_concatenation_s8_x.o(.text.arm_concatenation_s8_x), (140 bytes).
    Removing arm_concatenation_s8_x.o(.ARM.exidx.text.arm_concatenation_s8_x), (8 bytes).
    Removing arm_concatenation_s8_y.o(.text), (0 bytes).
    Removing arm_concatenation_s8_y.o(.text.arm_concatenation_s8_y), (158 bytes).
    Removing arm_concatenation_s8_y.o(.ARM.exidx.text.arm_concatenation_s8_y), (8 bytes).
    Removing arm_concatenation_s8_z.o(.text), (0 bytes).
    Removing arm_concatenation_s8_z.o(.text.arm_concatenation_s8_z), (166 bytes).
    Removing arm_concatenation_s8_z.o(.ARM.exidx.text.arm_concatenation_s8_z), (8 bytes).
    Removing arm_convolve_1_x_n_s8.o(.text), (0 bytes).
    Removing arm_convolve_1_x_n_s8.o(.text.arm_convolve_1_x_n_s8), (174 bytes).
    Removing arm_convolve_1_x_n_s8.o(.ARM.exidx.text.arm_convolve_1_x_n_s8), (8 bytes).
    Removing arm_convolve_1_x_n_s8.o(.text.arm_convolve_1_x_n_s8_get_buffer_size), (20 bytes).
    Removing arm_convolve_1_x_n_s8.o(.ARM.exidx.text.arm_convolve_1_x_n_s8_get_buffer_size), (8 bytes).
    Removing arm_convolve_1x1_s8.o(.text), (0 bytes).
    Removing arm_convolve_1x1_s8.o(.text.arm_convolve_1x1_s8), (364 bytes).
    Removing arm_convolve_1x1_s8.o(.ARM.exidx.text.arm_convolve_1x1_s8), (8 bytes).
    Removing arm_convolve_1x1_s8_fast.o(.text), (0 bytes).
    Removing arm_convolve_1x1_s8_fast.o(.text.arm_convolve_1x1_s8_fast), (226 bytes).
    Removing arm_convolve_1x1_s8_fast.o(.ARM.exidx.text.arm_convolve_1x1_s8_fast), (8 bytes).
    Removing arm_convolve_1x1_s8_fast.o(.text.arm_convolve_1x1_s8_fast_get_buffer_size), (10 bytes).
    Removing arm_convolve_1x1_s8_fast.o(.ARM.exidx.text.arm_convolve_1x1_s8_fast_get_buffer_size), (8 bytes).
    Removing arm_convolve_fast_s16.o(.text), (0 bytes).
    Removing arm_convolve_fast_s16.o(.text.arm_convolve_fast_s16), (1518 bytes).
    Removing arm_convolve_fast_s16.o(.ARM.exidx.text.arm_convolve_fast_s16), (8 bytes).
    Removing arm_convolve_fast_s16.o(.text.arm_convolve_fast_s16_get_buffer_size), (26 bytes).
    Removing arm_convolve_fast_s16.o(.ARM.exidx.text.arm_convolve_fast_s16_get_buffer_size), (8 bytes).
    Removing arm_convolve_s16.o(.text), (0 bytes).
    Removing arm_convolve_s16.o(.text.arm_convolve_s16), (962 bytes).
    Removing arm_convolve_s16.o(.ARM.exidx.text.arm_convolve_s16), (8 bytes).
    Removing arm_convolve_s16.o(.text.arm_convolve_s16_get_buffer_size), (12 bytes).
    Removing arm_convolve_s16.o(.ARM.exidx.text.arm_convolve_s16_get_buffer_size), (8 bytes).
    Removing arm_convolve_s8.o(.text), (0 bytes).
    Removing arm_convolve_s8.o(.text.arm_convolve_s8), (1414 bytes).
    Removing arm_convolve_s8.o(.ARM.exidx.text.arm_convolve_s8), (8 bytes).
    Removing arm_convolve_s8.o(.text.arm_convolve_s8_get_buffer_size), (26 bytes).
    Removing arm_convolve_s8.o(.ARM.exidx.text.arm_convolve_s8_get_buffer_size), (8 bytes).
    Removing arm_convolve_wrapper_s16.o(.text), (0 bytes).
    Removing arm_convolve_wrapper_s16.o(.text.arm_convolve_wrapper_s16), (230 bytes).
    Removing arm_convolve_wrapper_s16.o(.ARM.exidx.text.arm_convolve_wrapper_s16), (8 bytes).
    Removing arm_convolve_wrapper_s16.o(.text.arm_convolve_wrapper_s16_get_buffer_size), (84 bytes).
    Removing arm_convolve_wrapper_s16.o(.ARM.exidx.text.arm_convolve_wrapper_s16_get_buffer_size), (8 bytes).
    Removing arm_convolve_wrapper_s8.o(.text), (0 bytes).
    Removing arm_convolve_wrapper_s8.o(.text.arm_convolve_wrapper_s8), (454 bytes).
    Removing arm_convolve_wrapper_s8.o(.ARM.exidx.text.arm_convolve_wrapper_s8), (8 bytes).
    Removing arm_convolve_wrapper_s8.o(.text.arm_convolve_wrapper_s8_get_buffer_size), (184 bytes).
    Removing arm_convolve_wrapper_s8.o(.ARM.exidx.text.arm_convolve_wrapper_s8_get_buffer_size), (8 bytes).
    Removing arm_depthwise_conv_3x3_s8.o(.text), (0 bytes).
    Removing arm_depthwise_conv_3x3_s8.o(.text.arm_depthwise_conv_3x3_s8), (3166 bytes).
    Removing arm_depthwise_conv_3x3_s8.o(.ARM.exidx.text.arm_depthwise_conv_3x3_s8), (8 bytes).
    Removing arm_depthwise_conv_fast_s16.o(.text), (0 bytes).
    Removing arm_depthwise_conv_fast_s16.o(.text.arm_depthwise_conv_fast_s16), (2760 bytes).
    Removing arm_depthwise_conv_fast_s16.o(.ARM.exidx.text.arm_depthwise_conv_fast_s16), (8 bytes).
    Removing arm_depthwise_conv_fast_s16.o(.text.arm_depthwise_conv_fast_s16_get_buffer_size), (26 bytes).
    Removing arm_depthwise_conv_fast_s16.o(.ARM.exidx.text.arm_depthwise_conv_fast_s16_get_buffer_size), (8 bytes).
    Removing arm_depthwise_conv_s16.o(.text), (0 bytes).
    Removing arm_depthwise_conv_s16.o(.text.arm_depthwise_conv_s16), (284 bytes).
    Removing arm_depthwise_conv_s16.o(.ARM.exidx.text.arm_depthwise_conv_s16), (8 bytes).
    Removing arm_depthwise_conv_s16.o(.text.depthwise_conv_s16_generic_s16), (1162 bytes).
    Removing arm_depthwise_conv_s16.o(.ARM.exidx.text.depthwise_conv_s16_generic_s16), (8 bytes).
    Removing arm_depthwise_conv_s8.o(.text), (0 bytes).
    Removing arm_depthwise_conv_s8.o(.text.arm_depthwise_conv_s8), (564 bytes).
    Removing arm_depthwise_conv_s8.o(.ARM.exidx.text.arm_depthwise_conv_s8), (8 bytes).
    Removing arm_depthwise_conv_s8.o(.text.depthwise_conv_s8_mult_4), (1866 bytes).
    Removing arm_depthwise_conv_s8.o(.ARM.exidx.text.depthwise_conv_s8_mult_4), (8 bytes).
    Removing arm_depthwise_conv_s8.o(.text.depthwise_conv_s8_generic), (1228 bytes).
    Removing arm_depthwise_conv_s8.o(.ARM.exidx.text.depthwise_conv_s8_generic), (8 bytes).
    Removing arm_depthwise_conv_s8_opt.o(.text), (0 bytes).
    Removing arm_depthwise_conv_s8_opt.o(.text.arm_depthwise_conv_s8_opt), (2934 bytes).
    Removing arm_depthwise_conv_s8_opt.o(.ARM.exidx.text.arm_depthwise_conv_s8_opt), (8 bytes).
    Removing arm_depthwise_conv_s8_opt.o(.text.arm_depthwise_conv_s8_opt_get_buffer_size), (26 bytes).
    Removing arm_depthwise_conv_s8_opt.o(.ARM.exidx.text.arm_depthwise_conv_s8_opt_get_buffer_size), (8 bytes).
    Removing arm_depthwise_conv_wrapper_s16.o(.text), (0 bytes).
    Removing arm_depthwise_conv_wrapper_s16.o(.text.arm_depthwise_conv_wrapper_s16), (246 bytes).
    Removing arm_depthwise_conv_wrapper_s16.o(.ARM.exidx.text.arm_depthwise_conv_wrapper_s16), (8 bytes).
    Removing arm_depthwise_conv_wrapper_s16.o(.text.arm_depthwise_conv_wrapper_s16_get_buffer_size), (86 bytes).
    Removing arm_depthwise_conv_wrapper_s16.o(.ARM.exidx.text.arm_depthwise_conv_wrapper_s16_get_buffer_size), (8 bytes).
    Removing arm_depthwise_conv_wrapper_s8.o(.text), (0 bytes).
    Removing arm_depthwise_conv_wrapper_s8.o(.text.arm_depthwise_conv_wrapper_s8), (344 bytes).
    Removing arm_depthwise_conv_wrapper_s8.o(.ARM.exidx.text.arm_depthwise_conv_wrapper_s8), (8 bytes).
    Removing arm_depthwise_conv_wrapper_s8.o(.text.arm_depthwise_conv_wrapper_s8_get_buffer_size), (78 bytes).
    Removing arm_depthwise_conv_wrapper_s8.o(.ARM.exidx.text.arm_depthwise_conv_wrapper_s8_get_buffer_size), (8 bytes).
    Removing arm_nn_depthwise_conv_s8_core.o(.text), (0 bytes).
    Removing arm_nn_depthwise_conv_s8_core.o(.text.arm_nn_depthwise_conv_s8_core), (50 bytes).
    Removing arm_nn_depthwise_conv_s8_core.o(.ARM.exidx.text.arm_nn_depthwise_conv_s8_core), (8 bytes).
    Removing arm_nn_mat_mult_kernel_s8_s16.o(.text), (0 bytes).
    Removing arm_nn_mat_mult_kernel_s8_s16.o(.text.arm_nn_mat_mult_kernel_s8_s16), (3042 bytes).
    Removing arm_nn_mat_mult_kernel_s8_s16.o(.ARM.exidx.text.arm_nn_mat_mult_kernel_s8_s16), (8 bytes).
    Removing arm_nn_mat_mult_s8.o(.text), (0 bytes).
    Removing arm_nn_mat_mult_s8.o(.text.arm_nn_mat_mult_s8), (62 bytes).
    Removing arm_nn_mat_mult_s8.o(.ARM.exidx.text.arm_nn_mat_mult_s8), (8 bytes).
    Removing arm_fully_connected_s16.o(.text), (0 bytes).
    Removing arm_fully_connected_s16.o(.text.arm_fully_connected_s16), (218 bytes).
    Removing arm_fully_connected_s16.o(.ARM.exidx.text.arm_fully_connected_s16), (8 bytes).
    Removing arm_fully_connected_s16.o(.text.arm_fully_connected_s16_get_buffer_size), (10 bytes).
    Removing arm_fully_connected_s16.o(.ARM.exidx.text.arm_fully_connected_s16_get_buffer_size), (8 bytes).
    Removing arm_fully_connected_s8.o(.text), (0 bytes).
    Removing arm_fully_connected_s8.o(.text.arm_fully_connected_s8), (200 bytes).
    Removing arm_fully_connected_s8.o(.ARM.exidx.text.arm_fully_connected_s8), (8 bytes).
    Removing arm_fully_connected_s8.o(.text.arm_fully_connected_s8_get_buffer_size), (10 bytes).
    Removing arm_fully_connected_s8.o(.ARM.exidx.text.arm_fully_connected_s8_get_buffer_size), (8 bytes).
    Removing arm_lstm_unidirectional_s8_s16.o(.text), (0 bytes).
    Removing arm_lstm_unidirectional_s8_s16.o(.text.arm_lstm_unidirectional_s16_s8), (736 bytes).
    Removing arm_lstm_unidirectional_s8_s16.o(.ARM.exidx.text.arm_lstm_unidirectional_s16_s8), (8 bytes).
    Removing arm_nn_depthwise_conv_nt_t_padded_s8.o(.text), (0 bytes).
    Removing arm_nn_depthwise_conv_nt_t_padded_s8.o(.text.arm_nn_depthwise_conv_nt_t_padded_s8), (58 bytes).
    Removing arm_nn_depthwise_conv_nt_t_padded_s8.o(.ARM.exidx.text.arm_nn_depthwise_conv_nt_t_padded_s8), (8 bytes).
    Removing arm_nn_depthwise_conv_nt_t_s16.o(.text), (0 bytes).
    Removing arm_nn_depthwise_conv_nt_t_s16.o(.text.arm_nn_depthwise_conv_nt_t_s16), (46 bytes).
    Removing arm_nn_depthwise_conv_nt_t_s16.o(.ARM.exidx.text.arm_nn_depthwise_conv_nt_t_s16), (8 bytes).
    Removing arm_nn_depthwise_conv_nt_t_s8.o(.text), (0 bytes).
    Removing arm_nn_depthwise_conv_nt_t_s8.o(.text.arm_nn_depthwise_conv_nt_t_s8), (58 bytes).
    Removing arm_nn_depthwise_conv_nt_t_s8.o(.ARM.exidx.text.arm_nn_depthwise_conv_nt_t_s8), (8 bytes).
    Removing arm_nn_lstm_calculate_gate_s8_s16.o(.text), (0 bytes).
    Removing arm_nn_lstm_calculate_gate_s8_s16.o(.text.arm_nn_lstm_calculate_gate_s8_s16), (220 bytes).
    Removing arm_nn_lstm_calculate_gate_s8_s16.o(.ARM.exidx.text.arm_nn_lstm_calculate_gate_s8_s16), (8 bytes).
    Removing arm_nn_lstm_step_s8_s16.o(.text), (0 bytes).
    Removing arm_nn_lstm_step_s8_s16.o(.text.arm_nn_lstm_step_s8_s16), (706 bytes).
    Removing arm_nn_lstm_step_s8_s16.o(.ARM.exidx.text.arm_nn_lstm_step_s8_s16), (8 bytes).
    Removing arm_nn_lstm_update_cell_state_s16.o(.text), (0 bytes).
    Removing arm_nn_lstm_update_cell_state_s16.o(.text.arm_nn_lstm_update_cell_state_s16), (366 bytes).
    Removing arm_nn_lstm_update_cell_state_s16.o(.ARM.exidx.text.arm_nn_lstm_update_cell_state_s16), (8 bytes).
    Removing arm_nn_lstm_update_output_s8_s16.o(.text), (0 bytes).
    Removing arm_nn_lstm_update_output_s8_s16.o(.text.arm_nn_lstm_update_output_s8_s16), (236 bytes).
    Removing arm_nn_lstm_update_output_s8_s16.o(.ARM.exidx.text.arm_nn_lstm_update_output_s8_s16), (8 bytes).
    Removing arm_nn_mat_mul_core_1x_s8.o(.text), (0 bytes).
    Removing arm_nn_mat_mul_core_1x_s8.o(.text.arm_nn_mat_mul_core_1x_s8), (36 bytes).
    Removing arm_nn_mat_mul_core_1x_s8.o(.ARM.exidx.text.arm_nn_mat_mul_core_1x_s8), (8 bytes).
    Removing arm_nn_mat_mul_core_4x_s8.o(.text), (0 bytes).
    Removing arm_nn_mat_mul_core_4x_s8.o(.text.arm_nn_mat_mul_core_4x_s8), (36 bytes).
    Removing arm_nn_mat_mul_core_4x_s8.o(.ARM.exidx.text.arm_nn_mat_mul_core_4x_s8), (8 bytes).
    Removing arm_nn_mat_mul_kernel_s16.o(.text), (0 bytes).
    Removing arm_nn_mat_mul_kernel_s16.o(.text.arm_nn_mat_mult_kernel_s16), (4010 bytes).
    Removing arm_nn_mat_mul_kernel_s16.o(.ARM.exidx.text.arm_nn_mat_mult_kernel_s16), (8 bytes).
    Removing arm_nn_mat_mult_nt_t_s8.o(.text), (0 bytes).
    Removing arm_nn_mat_mult_nt_t_s8.o(.text.arm_nn_mat_mult_nt_t_s8), (7068 bytes).
    Removing arm_nn_mat_mult_nt_t_s8.o(.ARM.exidx.text.arm_nn_mat_mult_nt_t_s8), (8 bytes).
    Removing arm_nn_vec_mat_mul_result_acc_s8.o(.text), (0 bytes).
    Removing arm_nn_vec_mat_mul_result_acc_s8.o(.text.arm_nn_vec_mat_mul_result_acc_s8), (490 bytes).
    Removing arm_nn_vec_mat_mul_result_acc_s8.o(.ARM.exidx.text.arm_nn_vec_mat_mul_result_acc_s8), (8 bytes).
    Removing arm_nn_vec_mat_mult_t_s16.o(.text), (0 bytes).
    Removing arm_nn_vec_mat_mult_t_s16.o(.text.arm_nn_vec_mat_mult_t_s16), (1562 bytes).
    Removing arm_nn_vec_mat_mult_t_s16.o(.ARM.exidx.text.arm_nn_vec_mat_mult_t_s16), (8 bytes).
    Removing arm_nn_vec_mat_mult_t_s8.o(.text), (0 bytes).
    Removing arm_nn_vec_mat_mult_t_s8.o(.text.arm_nn_vec_mat_mult_t_s8), (1746 bytes).
    Removing arm_nn_vec_mat_mult_t_s8.o(.ARM.exidx.text.arm_nn_vec_mat_mult_t_s8), (8 bytes).
    Removing arm_nn_vec_mat_mult_t_svdf_s8.o(.text), (0 bytes).
    Removing arm_nn_vec_mat_mult_t_svdf_s8.o(.text.arm_nn_vec_mat_mult_t_svdf_s8), (2900 bytes).
    Removing arm_nn_vec_mat_mult_t_svdf_s8.o(.ARM.exidx.text.arm_nn_vec_mat_mult_t_svdf_s8), (8 bytes).
    Removing arm_nntables.o(.text), (0 bytes).
    Removing arm_nntables.o(.rodata.sigmoid_table_uint16), (512 bytes).
    Removing arm_q7_to_q15_with_offset.o(.text), (0 bytes).
    Removing arm_q7_to_q15_with_offset.o(.text.arm_q7_to_q15_with_offset), (266 bytes).
    Removing arm_q7_to_q15_with_offset.o(.ARM.exidx.text.arm_q7_to_q15_with_offset), (8 bytes).
    Removing arm_avgpool_s16.o(.text), (0 bytes).
    Removing arm_avgpool_s16.o(.text.arm_avgpool_s16), (594 bytes).
    Removing arm_avgpool_s16.o(.ARM.exidx.text.arm_avgpool_s16), (8 bytes).
    Removing arm_avgpool_s16.o(.text.scale_q31_to_q15_and_clamp), (180 bytes).
    Removing arm_avgpool_s16.o(.ARM.exidx.text.scale_q31_to_q15_and_clamp), (8 bytes).
    Removing arm_avgpool_s16.o(.text.arm_avgpool_s16_get_buffer_size), (14 bytes).
    Removing arm_avgpool_s16.o(.ARM.exidx.text.arm_avgpool_s16_get_buffer_size), (8 bytes).
    Removing arm_avgpool_s8.o(.text), (0 bytes).
    Removing arm_avgpool_s8.o(.text.arm_avgpool_s8), (604 bytes).
    Removing arm_avgpool_s8.o(.ARM.exidx.text.arm_avgpool_s8), (8 bytes).
    Removing arm_avgpool_s8.o(.text.arm_avgpool_s8_get_buffer_size), (14 bytes).
    Removing arm_avgpool_s8.o(.ARM.exidx.text.arm_avgpool_s8_get_buffer_size), (8 bytes).
    Removing arm_avgpool_s8.o(.text.scale_q31_to_q7_and_clamp), (178 bytes).
    Removing arm_avgpool_s8.o(.ARM.exidx.text.scale_q31_to_q7_and_clamp), (8 bytes).
    Removing arm_max_pool_s16.o(.text), (0 bytes).
    Removing arm_max_pool_s16.o(.text.arm_max_pool_s16), (488 bytes).
    Removing arm_max_pool_s16.o(.ARM.exidx.text.arm_max_pool_s16), (8 bytes).
    Removing arm_max_pool_s16.o(.text.compare_and_replace_if_larger), (198 bytes).
    Removing arm_max_pool_s16.o(.ARM.exidx.text.compare_and_replace_if_larger), (8 bytes).
    Removing arm_max_pool_s16.o(.text.clamp_output), (328 bytes).
    Removing arm_max_pool_s16.o(.ARM.exidx.text.clamp_output), (8 bytes).
    Removing arm_max_pool_s8.o(.text), (0 bytes).
    Removing arm_max_pool_s8.o(.text.arm_max_pool_s8), (486 bytes).
    Removing arm_max_pool_s8.o(.ARM.exidx.text.arm_max_pool_s8), (8 bytes).
    Removing arm_max_pool_s8.o(.text.compare_and_replace_if_larger_q7), (268 bytes).
    Removing arm_max_pool_s8.o(.ARM.exidx.text.compare_and_replace_if_larger_q7), (8 bytes).
    Removing arm_max_pool_s8.o(.text.clamp_output), (430 bytes).
    Removing arm_max_pool_s8.o(.ARM.exidx.text.clamp_output), (8 bytes).
    Removing arm_reshape_s8.o(.text), (0 bytes).
    Removing arm_reshape_s8.o(.text.arm_reshape_s8), (36 bytes).
    Removing arm_reshape_s8.o(.ARM.exidx.text.arm_reshape_s8), (8 bytes).
    Removing arm_svdf_s8.o(.text), (0 bytes).
    Removing arm_svdf_s8.o(.text.arm_svdf_s8), (2172 bytes).
    Removing arm_svdf_s8.o(.ARM.exidx.text.arm_svdf_s8), (8 bytes).
    Removing arm_svdf_state_s16_s8.o(.text), (0 bytes).
    Removing arm_svdf_state_s16_s8.o(.text.arm_svdf_state_s16_s8), (2004 bytes).
    Removing arm_svdf_state_s16_s8.o(.ARM.exidx.text.arm_svdf_state_s16_s8), (8 bytes).
    Removing arm_nn_softmax_common_s8.o(.text), (0 bytes).
    Removing arm_nn_softmax_common_s8.o(.text.arm_nn_softmax_common_s8), (11098 bytes).
    Removing arm_nn_softmax_common_s8.o(.ARM.exidx.text.arm_nn_softmax_common_s8), (8 bytes).
    Removing arm_softmax_s16.o(.text), (0 bytes).
    Removing arm_softmax_s16.o(.text.arm_softmax_s16), (912 bytes).
    Removing arm_softmax_s16.o(.ARM.exidx.text.arm_softmax_s16), (8 bytes).
    Removing arm_softmax_s8.o(.text), (0 bytes).
    Removing arm_softmax_s8.o(.text.arm_softmax_s8), (68 bytes).
    Removing arm_softmax_s8.o(.ARM.exidx.text.arm_softmax_s8), (8 bytes).
    Removing arm_softmax_s8_s16.o(.text), (0 bytes).
    Removing arm_softmax_s8_s16.o(.text.arm_softmax_s8_s16), (68 bytes).
    Removing arm_softmax_s8_s16.o(.ARM.exidx.text.arm_softmax_s8_s16), (8 bytes).
    Removing arm_softmax_u8.o(.text), (0 bytes).
    Removing arm_softmax_u8.o(.text.arm_softmax_u8), (7256 bytes).
    Removing arm_softmax_u8.o(.ARM.exidx.text.arm_softmax_u8), (8 bytes).

1836 unused section(s) (total 1279986 bytes) removed from the image.

==============================================================================

Image Symbol Table

    Local Symbols

    Symbol Name                              Value     Ov Type        Size  Object(Section)

    ../clib/angel/boardlib.s                 0x00000000   Number         0  boardinit1.o ABSOLUTE
    ../clib/angel/boardlib.s                 0x00000000   Number         0  boardinit2.o ABSOLUTE
    ../clib/angel/boardlib.s                 0x00000000   Number         0  boardinit3.o ABSOLUTE
    ../clib/angel/boardlib.s                 0x00000000   Number         0  boardshut.o ABSOLUTE
    ../clib/angel/handlers.s                 0x00000000   Number         0  __scatter_zi.o ABSOLUTE
    ../clib/angel/kernel.s                   0x00000000   Number         0  __rtentry.o ABSOLUTE
    ../clib/angel/kernel.s                   0x00000000   Number         0  __rtentry2.o ABSOLUTE
    ../clib/angel/kernel.s                   0x00000000   Number         0  __rtentry4.o ABSOLUTE
    ../clib/angel/kernel.s                   0x00000000   Number         0  rtexit.o ABSOLUTE
    ../clib/angel/kernel.s                   0x00000000   Number         0  rtexit2.o ABSOLUTE
    ../clib/angel/rt.s                       0x00000000   Number         0  aeabi_ldiv0.o ABSOLUTE
    ../clib/angel/rt.s                       0x00000000   Number         0  aeabi_ldiv0_sigfpe.o ABSOLUTE
    ../clib/angel/rt.s                       0x00000000   Number         0  rt_div0.o ABSOLUTE
    ../clib/angel/rt.s                       0x00000000   Number         0  rt_errno_addr.o ABSOLUTE
    ../clib/angel/rt.s                       0x00000000   Number         0  rt_errno_addr_intlibspace.o ABSOLUTE
    ../clib/angel/rt.s                       0x00000000   Number         0  rt_ctype_table.o ABSOLUTE
    ../clib/angel/rt.s                       0x00000000   Number         0  rt_locale.o ABSOLUTE
    ../clib/angel/rt.s                       0x00000000   Number         0  rt_locale_intlibspace.o ABSOLUTE
    ../clib/angel/rt.s                       0x00000000   Number         0  rt_raise.o ABSOLUTE
    ../clib/angel/scatter.s                  0x00000000   Number         0  __scatter.o ABSOLUTE
    ../clib/angel/startup.s                  0x00000000   Number         0  __main.o ABSOLUTE
    ../clib/angel/sys.s                      0x00000000   Number         0  libspace.o ABSOLUTE
    ../clib/angel/sys.s                      0x00000000   Number         0  sys_stackheap_outer.o ABSOLUTE
    ../clib/angel/sys.s                      0x00000000   Number         0  use_no_semi.o ABSOLUTE
    ../clib/angel/sys.s                      0x00000000   Number         0  indicate_semi.o ABSOLUTE
    ../clib/angel/sysapp.c                   0x00000000   Number         0  sys_exit.o ABSOLUTE
    ../clib/angel/sysapp.c                   0x00000000   Number         0  sys_exit_hlt.o ABSOLUTE
    ../clib/angel/sysapp.c                   0x00000000   Number         0  sys_wrch.o ABSOLUTE
    ../clib/angel/sysapp.c                   0x00000000   Number         0  sys_wrch_hlt.o ABSOLUTE
    ../clib/angel/sysapp.c                   0x00000000   Number         0  sys_command.o ABSOLUTE
    ../clib/angel/sysapp.c                   0x00000000   Number         0  sys_command_hlt.o ABSOLUTE
    ../clib/armsys.c                         0x00000000   Number         0  argv_veneer.o ABSOLUTE
    ../clib/armsys.c                         0x00000000   Number         0  argv_veneer.o ABSOLUTE
    ../clib/armsys.c                         0x00000000   Number         0  _get_argv_nomalloc.o ABSOLUTE
    ../clib/armsys.c                         0x00000000   Number         0  no_argv.o ABSOLUTE
    ../clib/bigflt.c                         0x00000000   Number         0  bigflt0.o ABSOLUTE
    ../clib/btod.s                           0x00000000   Number         0  btod.o ABSOLUTE
    ../clib/btod_accurate.c                  0x00000000   Number         0  btod_accurate.o ABSOLUTE
    ../clib/btod_accurate.c                  0x00000000   Number         0  btod_accurate_common.o ABSOLUTE
    ../clib/fenv.c                           0x00000000   Number         0  _rserrno.o ABSOLUTE
    ../clib/heapalloc.c                      0x00000000   Number         0  hrguard.o ABSOLUTE
    ../clib/heapaux.c                        0x00000000   Number         0  heapauxi.o ABSOLUTE
    ../clib/libinit.s                        0x00000000   Number         0  libinit.o ABSOLUTE
    ../clib/libinit.s                        0x00000000   Number         0  libinit2.o ABSOLUTE
    ../clib/libinit.s                        0x00000000   Number         0  libshutdown.o ABSOLUTE
    ../clib/libinit.s                        0x00000000   Number         0  libshutdown2.o ABSOLUTE
    ../clib/locale.c                         0x00000000   Number         0  _c16rtomb.o ABSOLUTE
    ../clib/locale.s                         0x00000000   Number         0  lc_numeric_c.o ABSOLUTE
    ../clib/locale.s                         0x00000000   Number         0  lc_ctype_c.o ABSOLUTE
    ../clib/longlong.s                       0x00000000   Number         0  lludivv7m.o ABSOLUTE
    ../clib/longlong.s                       0x00000000   Number         0  llsdiv.o ABSOLUTE
    ../clib/longlong.s                       0x00000000   Number         0  lludiv10.o ABSOLUTE
    ../clib/longlong.s                       0x00000000   Number         0  llushr.o ABSOLUTE
    ../clib/memcpset.s                       0x00000000   Number         0  rt_memcpy_v6.o ABSOLUTE
    ../clib/memcpset.s                       0x00000000   Number         0  rt_memmove_v6.o ABSOLUTE
    ../clib/memcpset.s                       0x00000000   Number         0  rt_memcpy_w.o ABSOLUTE
    ../clib/memcpset.s                       0x00000000   Number         0  aeabi_memset.o ABSOLUTE
    ../clib/memcpset.s                       0x00000000   Number         0  rt_memclr.o ABSOLUTE
    ../clib/memcpset.s                       0x00000000   Number         0  rt_memclr_w.o ABSOLUTE
    ../clib/memcpset.s                       0x00000000   Number         0  rt_memmove_w.o ABSOLUTE
    ../clib/memcpset.s                       0x00000000   Number         0  strcmpv7em.o ABSOLUTE
    ../clib/misc.s                           0x00000000   Number         0  printf_stubs.o ABSOLUTE
    ../clib/printf.c                         0x00000000   Number         0  sprintf.o ABSOLUTE
    ../clib/printf.c                         0x00000000   Number         0  __printf.o ABSOLUTE
    ../clib/printf.c                         0x00000000   Number         0  _printf_pad.o ABSOLUTE
    ../clib/printf.c                         0x00000000   Number         0  _printf_truncate.o ABSOLUTE
    ../clib/printf.c                         0x00000000   Number         0  _printf_str.o ABSOLUTE
    ../clib/printf.c                         0x00000000   Number         0  _printf_dec.o ABSOLUTE
    ../clib/printf.c                         0x00000000   Number         0  _printf_charcount.o ABSOLUTE
    ../clib/printf.c                         0x00000000   Number         0  _printf_char_common.o ABSOLUTE
    ../clib/printf.c                         0x00000000   Number         0  _sputc.o ABSOLUTE
    ../clib/printf.c                         0x00000000   Number         0  _printf_wctomb.o ABSOLUTE
    ../clib/printf.c                         0x00000000   Number         0  _printf_longlong_dec.o ABSOLUTE
    ../clib/printf.c                         0x00000000   Number         0  _printf_oct_ll.o ABSOLUTE
    ../clib/printf.c                         0x00000000   Number         0  _printf_oct_int.o ABSOLUTE
    ../clib/printf.c                         0x00000000   Number         0  _printf_oct_int_ll.o ABSOLUTE
    ../clib/printf.c                         0x00000000   Number         0  _printf_hex_ll.o ABSOLUTE
    ../clib/printf.c                         0x00000000   Number         0  _printf_hex_int.o ABSOLUTE
    ../clib/printf.c                         0x00000000   Number         0  _printf_hex_int_ll.o ABSOLUTE
    ../clib/printf.c                         0x00000000   Number         0  _printf_hex_ptr.o ABSOLUTE
    ../clib/printf.c                         0x00000000   Number         0  _printf_hex_int_ptr.o ABSOLUTE
    ../clib/printf.c                         0x00000000   Number         0  _printf_hex_ll_ptr.o ABSOLUTE
    ../clib/printf.c                         0x00000000   Number         0  _printf_hex_int_ll_ptr.o ABSOLUTE
    ../clib/printf.c                         0x00000000   Number         0  __printf_flags.o ABSOLUTE
    ../clib/printf.c                         0x00000000   Number         0  __printf_ss.o ABSOLUTE
    ../clib/printf.c                         0x00000000   Number         0  __printf_flags_ss.o ABSOLUTE
    ../clib/printf.c                         0x00000000   Number         0  __printf_wp.o ABSOLUTE
    ../clib/printf.c                         0x00000000   Number         0  __printf_flags_wp.o ABSOLUTE
    ../clib/printf.c                         0x00000000   Number         0  __printf_ss_wp.o ABSOLUTE
    ../clib/printf.c                         0x00000000   Number         0  __printf_flags_ss_wp.o ABSOLUTE
    ../clib/printf.c                         0x00000000   Number         0  _printf_intcommon.o ABSOLUTE
    ../clib/printf.c                         0x00000000   Number         0  _printf_fp_dec.o ABSOLUTE
    ../clib/printf.c                         0x00000000   Number         0  _printf_fp_dec_accurate.o ABSOLUTE
    ../clib/printf.c                         0x00000000   Number         0  _printf_fp_hex.o ABSOLUTE
    ../clib/printf.c                         0x00000000   Number         0  __printf_nopercent.o ABSOLUTE
    ../clib/printf.c                         0x00000000   Number         0  _printf_char.o ABSOLUTE
    ../clib/printf.c                         0x00000000   Number         0  _printf_wchar.o ABSOLUTE
    ../clib/printf.c                         0x00000000   Number         0  _printf_fp_infnan.o ABSOLUTE
    ../clib/printf_percent.s                 0x00000000   Number         0  _printf_c.o ABSOLUTE
    ../clib/printf_percent.s                 0x00000000   Number         0  _printf_s.o ABSOLUTE
    ../clib/printf_percent.s                 0x00000000   Number         0  _printf_n.o ABSOLUTE
    ../clib/printf_percent.s                 0x00000000   Number         0  _printf_x.o ABSOLUTE
    ../clib/printf_percent.s                 0x00000000   Number         0  _printf_p.o ABSOLUTE
    ../clib/printf_percent.s                 0x00000000   Number         0  _printf_o.o ABSOLUTE
    ../clib/printf_percent.s                 0x00000000   Number         0  _printf_i.o ABSOLUTE
    ../clib/printf_percent.s                 0x00000000   Number         0  _printf_d.o ABSOLUTE
    ../clib/printf_percent.s                 0x00000000   Number         0  _printf_u.o ABSOLUTE
    ../clib/printf_percent.s                 0x00000000   Number         0  _printf_f.o ABSOLUTE
    ../clib/printf_percent.s                 0x00000000   Number         0  _printf_e.o ABSOLUTE
    ../clib/printf_percent.s                 0x00000000   Number         0  _printf_g.o ABSOLUTE
    ../clib/printf_percent.s                 0x00000000   Number         0  _printf_a.o ABSOLUTE
    ../clib/printf_percent.s                 0x00000000   Number         0  _printf_percent.o ABSOLUTE
    ../clib/printf_percent.s                 0x00000000   Number         0  _printf_lli.o ABSOLUTE
    ../clib/printf_percent.s                 0x00000000   Number         0  _printf_lld.o ABSOLUTE
    ../clib/printf_percent.s                 0x00000000   Number         0  _printf_llu.o ABSOLUTE
    ../clib/printf_percent.s                 0x00000000   Number         0  _printf_ll.o ABSOLUTE
    ../clib/printf_percent.s                 0x00000000   Number         0  _printf_l.o ABSOLUTE
    ../clib/printf_percent.s                 0x00000000   Number         0  _printf_lc.o ABSOLUTE
    ../clib/printf_percent.s                 0x00000000   Number         0  _printf_ls.o ABSOLUTE
    ../clib/printf_percent.s                 0x00000000   Number         0  _printf_llo.o ABSOLUTE
    ../clib/printf_percent.s                 0x00000000   Number         0  _printf_llx.o ABSOLUTE
    ../clib/printf_percent.s                 0x00000000   Number         0  _printf_percent_end.o ABSOLUTE
    ../clib/signal.c                         0x00000000   Number         0  defsig_fpe_outer.o ABSOLUTE
    ../clib/signal.c                         0x00000000   Number         0  defsig_fpe_formal.o ABSOLUTE
    ../clib/signal.c                         0x00000000   Number         0  defsig_exit.o ABSOLUTE
    ../clib/signal.c                         0x00000000   Number         0  defsig_fpe_inner.o ABSOLUTE
    ../clib/signal.c                         0x00000000   Number         0  __raise.o ABSOLUTE
    ../clib/signal.c                         0x00000000   Number         0  defsig_general.o ABSOLUTE
    ../clib/signal.c                         0x00000000   Number         0  defsig_abrt_inner.o ABSOLUTE
    ../clib/signal.c                         0x00000000   Number         0  defsig_rtred_inner.o ABSOLUTE
    ../clib/signal.c                         0x00000000   Number         0  defsig_rtmem_inner.o ABSOLUTE
    ../clib/signal.c                         0x00000000   Number         0  defsig_rtmem_outer.o ABSOLUTE
    ../clib/signal.c                         0x00000000   Number         0  defsig_rtmem_formal.o ABSOLUTE
    ../clib/signal.c                         0x00000000   Number         0  defsig_stak_inner.o ABSOLUTE
    ../clib/signal.c                         0x00000000   Number         0  defsig_pvfn_inner.o ABSOLUTE
    ../clib/signal.c                         0x00000000   Number         0  defsig_cppl_inner.o ABSOLUTE
    ../clib/signal.c                         0x00000000   Number         0  defsig_segv_inner.o ABSOLUTE
    ../clib/signal.c                         0x00000000   Number         0  defsig_other.o ABSOLUTE
    ../clib/signal.s                         0x00000000   Number         0  defsig.o ABSOLUTE
    ../clib/stdlib.c                         0x00000000   Number         0  exit.o ABSOLUTE
    ../fplib/basic.s                         0x00000000   Number         0  basic.o ABSOLUTE
    ../fplib/cfplib/d2h.c                    0x00000000   Number         0  d2h.o ABSOLUTE
    ../fplib/d2f.s                           0x00000000   Number         0  d2f.o ABSOLUTE
    ../fplib/daddsub.s                       0x00000000   Number         0  daddsub_clz.o ABSOLUTE
    ../fplib/dcmp.s                          0x00000000   Number         0  dcmp.o ABSOLUTE
    ../fplib/dcmpi.s                         0x00000000   Number         0  dcmpi.o ABSOLUTE
    ../fplib/ddiv.s                          0x00000000   Number         0  ddiv.o ABSOLUTE
    ../fplib/deqf.s                          0x00000000   Number         0  deqf.o ABSOLUTE
    ../fplib/dfix.s                          0x00000000   Number         0  dfix.o ABSOLUTE
    ../fplib/dfixll.s                        0x00000000   Number         0  dfixll.o ABSOLUTE
    ../fplib/dflt.s                          0x00000000   Number         0  dflt_clz.o ABSOLUTE
    ../fplib/dgeqf.s                         0x00000000   Number         0  dgeqf.o ABSOLUTE
    ../fplib/dleqf.s                         0x00000000   Number         0  dleqf.o ABSOLUTE
    ../fplib/dmul.s                          0x00000000   Number         0  dmul.o ABSOLUTE
    ../fplib/dnaninf.s                       0x00000000   Number         0  dnaninf.o ABSOLUTE
    ../fplib/dretinf.s                       0x00000000   Number         0  dretinf.o ABSOLUTE
    ../fplib/drleqf.s                        0x00000000   Number         0  drleqf.o ABSOLUTE
    ../fplib/dsqrt.s                         0x00000000   Number         0  dsqrt_umaal.o ABSOLUTE
    ../fplib/f2d.s                           0x00000000   Number         0  f2d.o ABSOLUTE
    ../fplib/ffixll.s                        0x00000000   Number         0  ffixll.o ABSOLUTE
    ../fplib/fnaninf.s                       0x00000000   Number         0  fnaninf.o ABSOLUTE
    ../fplib/fpinit.s                        0x00000000   Number         0  fpinit.o ABSOLUTE
    ../fplib/fretinf.s                       0x00000000   Number         0  fretinf.o ABSOLUTE
    ../fplib/istatus.s                       0x00000000   Number         0  istatus.o ABSOLUTE
    ../fplib/printf1.s                       0x00000000   Number         0  printf1.o ABSOLUTE
    ../fplib/printf2.s                       0x00000000   Number         0  printf2.o ABSOLUTE
    ../fplib/printf2a.s                      0x00000000   Number         0  printf2a.o ABSOLUTE
    ../fplib/printf2b.s                      0x00000000   Number         0  printf2b.o ABSOLUTE
    ../fplib/usenofp.s                       0x00000000   Number         0  usenofp.o ABSOLUTE
    ../mathlib/dunder.c                      0x00000000   Number         0  dunder.o ABSOLUTE
    ../mathlib/exp.c                         0x00000000   Number         0  exp.o ABSOLUTE
    ../mathlib/expf.c                        0x00000000   Number         0  expf.o ABSOLUTE
    ../mathlib/floor.c                       0x00000000   Number         0  floor.o ABSOLUTE
    ../mathlib/fpclassify.c                  0x00000000   Number         0  fpclassify.o ABSOLUTE
    ../mathlib/fpclassifyf.c                 0x00000000   Number         0  fpclassifyf.o ABSOLUTE
    ../mathlib/funder.c                      0x00000000   Number         0  funder.o ABSOLUTE
    ../mathlib/log.c                         0x00000000   Number         0  log.o ABSOLUTE
    ../mathlib/logf.c                        0x00000000   Number         0  logf.o ABSOLUTE
    ../mathlib/poly.c                        0x00000000   Number         0  poly.o ABSOLUTE
    ../mathlib/powf.c                        0x00000000   Number         0  powf.o ABSOLUTE
    ../mathlib/qnan.c                        0x00000000   Number         0  qnan.o ABSOLUTE
    ../mathlib/sqrt.c                        0x00000000   Number         0  sqrt.o ABSOLUTE
    ../mathlib/sqrtf.c                       0x00000000   Number         0  sqrtf.o ABSOLUTE
    ../mathlib/tanhf.c                       0x00000000   Number         0  tanhf.o ABSOLUTE
    BasicMathFunctions.c                     0x00000000   Number         0  basicmathfunctions.o ABSOLUTE
    BasicMathFunctionsF16.c                  0x00000000   Number         0  basicmathfunctionsf16.o ABSOLUTE
    BayesFunctions.c                         0x00000000   Number         0  bayesfunctions.o ABSOLUTE
    BayesFunctionsF16.c                      0x00000000   Number         0  bayesfunctionsf16.o ABSOLUTE
    CommonTables.c                           0x00000000   Number         0  commontables.o ABSOLUTE
    CommonTablesF16.c                        0x00000000   Number         0  commontablesf16.o ABSOLUTE
    ComplexMathFunctions.c                   0x00000000   Number         0  complexmathfunctions.o ABSOLUTE
    ComplexMathFunctionsF16.c                0x00000000   Number         0  complexmathfunctionsf16.o ABSOLUTE
    ControllerFunctions.c                    0x00000000   Number         0  controllerfunctions.o ABSOLUTE
    DistanceFunctions.c                      0x00000000   Number         0  distancefunctions.o ABSOLUTE
    DistanceFunctionsF16.c                   0x00000000   Number         0  distancefunctionsf16.o ABSOLUTE
    FastMathFunctions.c                      0x00000000   Number         0  fastmathfunctions.o ABSOLUTE
    FastMathFunctionsF16.c                   0x00000000   Number         0  fastmathfunctionsf16.o ABSOLUTE
    FilteringFunctions.c                     0x00000000   Number         0  filteringfunctions.o ABSOLUTE
    FilteringFunctionsF16.c                  0x00000000   Number         0  filteringfunctionsf16.o ABSOLUTE
    I2C.c                                    0x00000000   Number         0  i2c.o ABSOLUTE
    InterpolationFunctions.c                 0x00000000   Number         0  interpolationfunctions.o ABSOLUTE
    InterpolationFunctionsF16.c              0x00000000   Number         0  interpolationfunctionsf16.o ABSOLUTE
    MatrixFunctions.c                        0x00000000   Number         0  matrixfunctions.o ABSOLUTE
    MatrixFunctionsF16.c                     0x00000000   Number         0  matrixfunctionsf16.o ABSOLUTE
    QuaternionMathFunctions.c                0x00000000   Number         0  quaternionmathfunctions.o ABSOLUTE
    SVMFunctions.c                           0x00000000   Number         0  svmfunctions.o ABSOLUTE
    SVMFunctionsF16.c                        0x00000000   Number         0  svmfunctionsf16.o ABSOLUTE
    Startup.s                                0x00000000   Number         0  startup.o ABSOLUTE
    StatisticsFunctions.c                    0x00000000   Number         0  statisticsfunctions.o ABSOLUTE
    StatisticsFunctionsF16.c                 0x00000000   Number         0  statisticsfunctionsf16.o ABSOLUTE
    SupportFunctions.c                       0x00000000   Number         0  supportfunctions.o ABSOLUTE
    SupportFunctionsF16.c                    0x00000000   Number         0  supportfunctionsf16.o ABSOLUTE
    TransformFunctions.c                     0x00000000   Number         0  transformfunctions.o ABSOLUTE
    TransformFunctionsF16.c                  0x00000000   Number         0  transformfunctionsf16.o ABSOLUTE
    arm_avgpool_s16.c                        0x00000000   Number         0  arm_avgpool_s16.o ABSOLUTE
    arm_avgpool_s8.c                         0x00000000   Number         0  arm_avgpool_s8.o ABSOLUTE
    arm_concatenation_s8_w.c                 0x00000000   Number         0  arm_concatenation_s8_w.o ABSOLUTE
    arm_concatenation_s8_x.c                 0x00000000   Number         0  arm_concatenation_s8_x.o ABSOLUTE
    arm_concatenation_s8_y.c                 0x00000000   Number         0  arm_concatenation_s8_y.o ABSOLUTE
    arm_concatenation_s8_z.c                 0x00000000   Number         0  arm_concatenation_s8_z.o ABSOLUTE
    arm_convolve_1_x_n_s8.c                  0x00000000   Number         0  arm_convolve_1_x_n_s8.o ABSOLUTE
    arm_convolve_1x1_s8.c                    0x00000000   Number         0  arm_convolve_1x1_s8.o ABSOLUTE
    arm_convolve_1x1_s8_fast.c               0x00000000   Number         0  arm_convolve_1x1_s8_fast.o ABSOLUTE
    arm_convolve_fast_s16.c                  0x00000000   Number         0  arm_convolve_fast_s16.o ABSOLUTE
    arm_convolve_s16.c                       0x00000000   Number         0  arm_convolve_s16.o ABSOLUTE
    arm_convolve_s8.c                        0x00000000   Number         0  arm_convolve_s8.o ABSOLUTE
    arm_convolve_wrapper_s16.c               0x00000000   Number         0  arm_convolve_wrapper_s16.o ABSOLUTE
    arm_convolve_wrapper_s8.c                0x00000000   Number         0  arm_convolve_wrapper_s8.o ABSOLUTE
    arm_depthwise_conv_3x3_s8.c              0x00000000   Number         0  arm_depthwise_conv_3x3_s8.o ABSOLUTE
    arm_depthwise_conv_fast_s16.c            0x00000000   Number         0  arm_depthwise_conv_fast_s16.o ABSOLUTE
    arm_depthwise_conv_s16.c                 0x00000000   Number         0  arm_depthwise_conv_s16.o ABSOLUTE
    arm_depthwise_conv_s8.c                  0x00000000   Number         0  arm_depthwise_conv_s8.o ABSOLUTE
    arm_depthwise_conv_s8_opt.c              0x00000000   Number         0  arm_depthwise_conv_s8_opt.o ABSOLUTE
    arm_depthwise_conv_wrapper_s16.c         0x00000000   Number         0  arm_depthwise_conv_wrapper_s16.o ABSOLUTE
    arm_depthwise_conv_wrapper_s8.c          0x00000000   Number         0  arm_depthwise_conv_wrapper_s8.o ABSOLUTE
    arm_elementwise_add_s16.c                0x00000000   Number         0  arm_elementwise_add_s16.o ABSOLUTE
    arm_elementwise_add_s8.c                 0x00000000   Number         0  arm_elementwise_add_s8.o ABSOLUTE
    arm_elementwise_mul_s16.c                0x00000000   Number         0  arm_elementwise_mul_s16.o ABSOLUTE
    arm_elementwise_mul_s16_s8.c             0x00000000   Number         0  arm_elementwise_mul_s16_s8.o ABSOLUTE
    arm_elementwise_mul_s8.c                 0x00000000   Number         0  arm_elementwise_mul_s8.o ABSOLUTE
    arm_fully_connected_s16.c                0x00000000   Number         0  arm_fully_connected_s16.o ABSOLUTE
    arm_fully_connected_s8.c                 0x00000000   Number         0  arm_fully_connected_s8.o ABSOLUTE
    arm_lstm_unidirectional_s8_s16.c         0x00000000   Number         0  arm_lstm_unidirectional_s8_s16.o ABSOLUTE
    arm_max_pool_s16.c                       0x00000000   Number         0  arm_max_pool_s16.o ABSOLUTE
    arm_max_pool_s8.c                        0x00000000   Number         0  arm_max_pool_s8.o ABSOLUTE
    arm_nn_activation_s16.c                  0x00000000   Number         0  arm_nn_activation_s16.o ABSOLUTE
    arm_nn_depthwise_conv_nt_t_padded_s8.c   0x00000000   Number         0  arm_nn_depthwise_conv_nt_t_padded_s8.o ABSOLUTE
    arm_nn_depthwise_conv_nt_t_s16.c         0x00000000   Number         0  arm_nn_depthwise_conv_nt_t_s16.o ABSOLUTE
    arm_nn_depthwise_conv_nt_t_s8.c          0x00000000   Number         0  arm_nn_depthwise_conv_nt_t_s8.o ABSOLUTE
    arm_nn_depthwise_conv_s8_core.c          0x00000000   Number         0  arm_nn_depthwise_conv_s8_core.o ABSOLUTE
    arm_nn_lstm_calculate_gate_s8_s16.c      0x00000000   Number         0  arm_nn_lstm_calculate_gate_s8_s16.o ABSOLUTE
    arm_nn_lstm_step_s8_s16.c                0x00000000   Number         0  arm_nn_lstm_step_s8_s16.o ABSOLUTE
    arm_nn_lstm_update_cell_state_s16.c      0x00000000   Number         0  arm_nn_lstm_update_cell_state_s16.o ABSOLUTE
    arm_nn_lstm_update_output_s8_s16.c       0x00000000   Number         0  arm_nn_lstm_update_output_s8_s16.o ABSOLUTE
    arm_nn_mat_mul_core_1x_s8.c              0x00000000   Number         0  arm_nn_mat_mul_core_1x_s8.o ABSOLUTE
    arm_nn_mat_mul_core_4x_s8.c              0x00000000   Number         0  arm_nn_mat_mul_core_4x_s8.o ABSOLUTE
    arm_nn_mat_mul_kernel_s16.c              0x00000000   Number         0  arm_nn_mat_mul_kernel_s16.o ABSOLUTE
    arm_nn_mat_mult_kernel_s8_s16.c          0x00000000   Number         0  arm_nn_mat_mult_kernel_s8_s16.o ABSOLUTE
    arm_nn_mat_mult_nt_t_s8.c                0x00000000   Number         0  arm_nn_mat_mult_nt_t_s8.o ABSOLUTE
    arm_nn_mat_mult_s8.c                     0x00000000   Number         0  arm_nn_mat_mult_s8.o ABSOLUTE
    arm_nn_softmax_common_s8.c               0x00000000   Number         0  arm_nn_softmax_common_s8.o ABSOLUTE
    arm_nn_vec_mat_mul_result_acc_s8.c       0x00000000   Number         0  arm_nn_vec_mat_mul_result_acc_s8.o ABSOLUTE
    arm_nn_vec_mat_mult_t_s16.c              0x00000000   Number         0  arm_nn_vec_mat_mult_t_s16.o ABSOLUTE
    arm_nn_vec_mat_mult_t_s8.c               0x00000000   Number         0  arm_nn_vec_mat_mult_t_s8.o ABSOLUTE
    arm_nn_vec_mat_mult_t_svdf_s8.c          0x00000000   Number         0  arm_nn_vec_mat_mult_t_svdf_s8.o ABSOLUTE
    arm_nntables.c                           0x00000000   Number         0  arm_nntables.o ABSOLUTE
    arm_q7_to_q15_with_offset.c              0x00000000   Number         0  arm_q7_to_q15_with_offset.o ABSOLUTE
    arm_relu6_s8.c                           0x00000000   Number         0  arm_relu6_s8.o ABSOLUTE
    arm_relu_q15.c                           0x00000000   Number         0  arm_relu_q15.o ABSOLUTE
    arm_relu_q7.c                            0x00000000   Number         0  arm_relu_q7.o ABSOLUTE
    arm_reshape_s8.c                         0x00000000   Number         0  arm_reshape_s8.o ABSOLUTE
    arm_softmax_s16.c                        0x00000000   Number         0  arm_softmax_s16.o ABSOLUTE
    arm_softmax_s8.c                         0x00000000   Number         0  arm_softmax_s8.o ABSOLUTE
    arm_softmax_s8_s16.c                     0x00000000   Number         0  arm_softmax_s8_s16.o ABSOLUTE
    arm_softmax_u8.c                         0x00000000   Number         0  arm_softmax_u8.o ABSOLUTE
    arm_svdf_s8.c                            0x00000000   Number         0  arm_svdf_s8.o ABSOLUTE
    arm_svdf_state_s16_s8.c                  0x00000000   Number         0  arm_svdf_state_s16_s8.o ABSOLUTE
    dc.s                                     0x00000000   Number         0  dc.o ABSOLUTE
    RESET                                    0x00000000   Section      648  startup.o(RESET)
    $v0                                      0x0000026c   Number         0  startup.o(RESET)
    NmiSR                                    0x00000281   Thumb Code     0  startup.o(RESET)
    FaultISR                                 0x00000283   Thumb Code     0  startup.o(RESET)
    IntDefaultHandler                        0x00000285   Thumb Code     0  startup.o(RESET)
    !!!main                                  0x00000288   Section        8  __main.o(!!!main)
    !!!scatter                               0x00000290   Section       52  __scatter.o(!!!scatter)
    !!handler_zi                             0x000002c4   Section       28  __scatter_zi.o(!!handler_zi)
    .ARM.Collect$$libinit$$00000000          0x000002e0   Section        2  libinit.o(.ARM.Collect$$libinit$$00000000)
    .ARM.Collect$$libinit$$00000001          0x000002e2   Section        4  libinit2.o(.ARM.Collect$$libinit$$00000001)
    .ARM.Collect$$libinit$$00000004          0x000002e6   Section        0  libinit2.o(.ARM.Collect$$libinit$$00000004)
    .ARM.Collect$$libinit$$00000006          0x000002e6   Section        0  libinit2.o(.ARM.Collect$$libinit$$00000006)
    .ARM.Collect$$libinit$$0000000C          0x000002e6   Section        0  libinit2.o(.ARM.Collect$$libinit$$0000000C)
    .ARM.Collect$$libinit$$0000000E          0x000002e6   Section        0  libinit2.o(.ARM.Collect$$libinit$$0000000E)
    .ARM.Collect$$libinit$$00000010          0x000002e6   Section        0  libinit2.o(.ARM.Collect$$libinit$$00000010)
    .ARM.Collect$$libinit$$00000013          0x000002e6   Section        0  libinit2.o(.ARM.Collect$$libinit$$00000013)
    .ARM.Collect$$libinit$$00000015          0x000002e6   Section        0  libinit2.o(.ARM.Collect$$libinit$$00000015)
    .ARM.Collect$$libinit$$00000017          0x000002e6   Section        0  libinit2.o(.ARM.Collect$$libinit$$00000017)
    .ARM.Collect$$libinit$$00000019          0x000002e6   Section        0  libinit2.o(.ARM.Collect$$libinit$$00000019)
    .ARM.Collect$$libinit$$0000001B          0x000002e6   Section        0  libinit2.o(.ARM.Collect$$libinit$$0000001B)
    .ARM.Collect$$libinit$$0000001D          0x000002e6   Section        0  libinit2.o(.ARM.Collect$$libinit$$0000001D)
    .ARM.Collect$$libinit$$0000001F          0x000002e6   Section        0  libinit2.o(.ARM.Collect$$libinit$$0000001F)
    .ARM.Collect$$libinit$$00000021          0x000002e6   Section        0  libinit2.o(.ARM.Collect$$libinit$$00000021)
    .ARM.Collect$$libinit$$00000023          0x000002e6   Section        0  libinit2.o(.ARM.Collect$$libinit$$00000023)
    .ARM.Collect$$libinit$$00000025          0x000002e6   Section        0  libinit2.o(.ARM.Collect$$libinit$$00000025)
    .ARM.Collect$$libinit$$00000027          0x000002e6   Section        0  libinit2.o(.ARM.Collect$$libinit$$00000027)
    .ARM.Collect$$libinit$$0000002E          0x000002e6   Section        0  libinit2.o(.ARM.Collect$$libinit$$0000002E)
    .ARM.Collect$$libinit$$00000030          0x000002e6   Section        0  libinit2.o(.ARM.Collect$$libinit$$00000030)
    .ARM.Collect$$libinit$$00000032          0x000002e6   Section        0  libinit2.o(.ARM.Collect$$libinit$$00000032)
    .ARM.Collect$$libinit$$00000034          0x000002e6   Section        0  libinit2.o(.ARM.Collect$$libinit$$00000034)
    .ARM.Collect$$libinit$$00000035          0x000002e6   Section        2  libinit2.o(.ARM.Collect$$libinit$$00000035)
    .ARM.Collect$$libshutdown$$00000000      0x000002e8   Section        2  libshutdown.o(.ARM.Collect$$libshutdown$$00000000)
    .ARM.Collect$$libshutdown$$00000002      0x000002ea   Section        0  libshutdown2.o(.ARM.Collect$$libshutdown$$00000002)
    .ARM.Collect$$libshutdown$$00000004      0x000002ea   Section        0  libshutdown2.o(.ARM.Collect$$libshutdown$$00000004)
    .ARM.Collect$$libshutdown$$00000007      0x000002ea   Section        0  libshutdown2.o(.ARM.Collect$$libshutdown$$00000007)
    .ARM.Collect$$libshutdown$$0000000A      0x000002ea   Section        0  libshutdown2.o(.ARM.Collect$$libshutdown$$0000000A)
    .ARM.Collect$$libshutdown$$0000000C      0x000002ea   Section        0  libshutdown2.o(.ARM.Collect$$libshutdown$$0000000C)
    .ARM.Collect$$libshutdown$$0000000F      0x000002ea   Section        0  libshutdown2.o(.ARM.Collect$$libshutdown$$0000000F)
    .ARM.Collect$$libshutdown$$00000010      0x000002ea   Section        2  libshutdown2.o(.ARM.Collect$$libshutdown$$00000010)
    .ARM.Collect$$rtentry$$00000000          0x000002ec   Section        0  __rtentry.o(.ARM.Collect$$rtentry$$00000000)
    .ARM.Collect$$rtentry$$00000002          0x000002ec   Section        0  __rtentry2.o(.ARM.Collect$$rtentry$$00000002)
    .ARM.Collect$$rtentry$$00000004          0x000002ec   Section        6  __rtentry4.o(.ARM.Collect$$rtentry$$00000004)
    .ARM.Collect$$rtentry$$00000009          0x000002f2   Section        0  __rtentry2.o(.ARM.Collect$$rtentry$$00000009)
    .ARM.Collect$$rtentry$$0000000A          0x000002f2   Section        4  __rtentry2.o(.ARM.Collect$$rtentry$$0000000A)
    .ARM.Collect$$rtentry$$0000000C          0x000002f6   Section        0  __rtentry2.o(.ARM.Collect$$rtentry$$0000000C)
    .ARM.Collect$$rtentry$$0000000D          0x000002f6   Section        8  __rtentry2.o(.ARM.Collect$$rtentry$$0000000D)
    .ARM.Collect$$rtexit$$00000000           0x000002fe   Section        2  rtexit.o(.ARM.Collect$$rtexit$$00000000)
    .ARM.Collect$$rtexit$$00000002           0x00000300   Section        0  rtexit2.o(.ARM.Collect$$rtexit$$00000002)
    .ARM.Collect$$rtexit$$00000003           0x00000300   Section        4  rtexit2.o(.ARM.Collect$$rtexit$$00000003)
    .ARM.Collect$$rtexit$$00000004           0x00000304   Section        6  rtexit2.o(.ARM.Collect$$rtexit$$00000004)
    $v0                                      0x0000030c   Number         0  startup.o(.text)
    .text                                    0x0000030c   Section       24  startup.o(.text)
    .text                                    0x00000324   Section        0  heapauxi.o(.text)
    .text                                    0x0000032c   Section        8  libspace.o(.text)
    .text                                    0x00000334   Section       74  sys_stackheap_outer.o(.text)
    .text                                    0x0000037e   Section        0  exit.o(.text)
    .text                                    0x00000390   Section        0  sys_exit.o(.text)
    .text                                    0x0000039c   Section        2  use_no_semi.o(.text)
    .text                                    0x0000039e   Section        0  indicate_semi.o(.text)
    [Anonymous Symbol]                       0x000003a0   Section        0  i2c.o(.text.Delay_ms)
    [Anonymous Symbol]                       0x000003e0   Section        0  i2c.o(.text.I2C3_Init)
    [Anonymous Symbol]                       0x0000045c   Section        0  i2c.o(.text.I2C3_Wr)
    [Anonymous Symbol]                       0x00000518   Section        0  i2c.o(.text.I2C3_Write_Multiple)
    I2C_wait_till_done                       0x00000621   Thumb Code    36  i2c.o(.text.I2C_wait_till_done)
    [Anonymous Symbol]                       0x00000620   Section        0  i2c.o(.text.I2C_wait_till_done)
    [Anonymous Symbol]                       0x00000644   Section        0  i2c.o(.text.OLED_Clear)
    [Anonymous Symbol]                       0x000006a0   Section        0  i2c.o(.text.OLED_Command)
    [Anonymous Symbol]                       0x000006b8   Section        0  i2c.o(.text.OLED_Data)
    [Anonymous Symbol]                       0x000006d0   Section        0  i2c.o(.text.OLED_Draw_Rectangle)
    [Anonymous Symbol]                       0x000007a0   Section        0  i2c.o(.text.OLED_Init)
    [Anonymous Symbol]                       0x00000844   Section        0  i2c.o(.text.OLED_PutChar)
    [Anonymous Symbol]                       0x000008a0   Section        0  i2c.o(.text.OLED_Write_String)
    [Anonymous Symbol]                       0x000008c4   Section        0  i2c.o(.text.OLED_YX)
    [Anonymous Symbol]                       0x00000900   Section        0  i2c.o(.text.main)
    $v0                                      0x00000958   Number         0  fpinit.o(x$fpl$fpinit)
    x$fpl$fpinit                             0x00000958   Section       26  fpinit.o(x$fpl$fpinit)
    .L.str                                   0x00000c72   Data          13  i2c.o(.rodata.str1.1)
    [Anonymous Symbol]                       0x00000c72   Section        0  i2c.o(.rodata.str1.1)
    .L.str.1                                 0x00000c7f   Data           3  i2c.o(.rodata.str1.1)
    .L.str.2                                 0x00000c82   Data           6  i2c.o(.rodata.str1.1)
    .L.str.3                                 0x00000c88   Data           3  i2c.o(.rodata.str1.1)
    .bss                                     0x20000000   Section       96  libspace.o(.bss)
    HeapMem                                  0x20000060   Data           0  startup.o(HEAP)
    StackMem                                 0x20000060   Data           0  startup.o(STACK)
    HEAP                                     0x20000060   Section        0  startup.o(HEAP)
    STACK                                    0x20000060   Section      256  startup.o(STACK)

    Global Symbols

    Symbol Name                              Value     Ov Type        Size  Object(Section)

    BuildAttributes$$THM_ISAv4$E$P$D$K$B$S$7EM$VFPi3$EXTD16$VFPS$VFMA$PE$A:L22UL41UL21$X:L11$S22US41US21$IEEE1$IW$~IW$USESV6$~STKCKD$USESV7$~SHL$OTIME$ROPI$IEEEX$EBA8$UX$STANDARDLIB$REQ8$PRES8$EABIv2 0x00000000   Number         0  anon$$obj.o ABSOLUTE
    __Vectors                                0x00000000   Data           0  startup.o(RESET)
    _printf_flags                            0x00000000   Number         0  printf_stubs.o ABSOLUTE
    _printf_return_value                     0x00000000   Number         0  printf_stubs.o ABSOLUTE
    _printf_sizespec                         0x00000000   Number         0  printf_stubs.o ABSOLUTE
    _printf_widthprec                        0x00000000   Number         0  printf_stubs.o ABSOLUTE
    __ARM_exceptions_init                     - Undefined Weak Reference
    __alloca_initialize                       - Undefined Weak Reference
    __arm_preinit_                            - Undefined Weak Reference
    __arm_relocate_pie_                       - Undefined Weak Reference
    __cpp_initialize__aeabi_                  - Undefined Weak Reference
    __cxa_finalize                            - Undefined Weak Reference
    __sigvec_lookup                           - Undefined Weak Reference
    _atexit_init                              - Undefined Weak Reference
    _call_atexit_fns                          - Undefined Weak Reference
    _clock_init                               - Undefined Weak Reference
    _fp_trap_init                             - Undefined Weak Reference
    _fp_trap_shutdown                         - Undefined Weak Reference
    _get_lc_collate                           - Undefined Weak Reference
    _get_lc_monetary                          - Undefined Weak Reference
    _get_lc_time                              - Undefined Weak Reference
    _getenv_init                              - Undefined Weak Reference
    _handle_redirection                       - Undefined Weak Reference
    _init_alloc                               - Undefined Weak Reference
    _init_user_alloc                          - Undefined Weak Reference
    _initio                                   - Undefined Weak Reference
    _printf_mbtowc                            - Undefined Weak Reference
    _printf_wc                                - Undefined Weak Reference
    _rand_init                                - Undefined Weak Reference
    _signal_finish                            - Undefined Weak Reference
    _signal_init                              - Undefined Weak Reference
    _terminate_alloc                          - Undefined Weak Reference
    _terminate_user_alloc                     - Undefined Weak Reference
    _terminateio                              - Undefined Weak Reference
    Reset_Handler                            0x0000026d   Thumb Code     0  startup.o(RESET)
    __main                                   0x00000289   Thumb Code     8  __main.o(!!!main)
    __scatterload                            0x00000291   Thumb Code     0  __scatter.o(!!!scatter)
    __scatterload_rt2                        0x00000291   Thumb Code    44  __scatter.o(!!!scatter)
    __scatterload_rt2_thumb_only             0x00000291   Thumb Code     0  __scatter.o(!!!scatter)
    __scatterload_null                       0x0000029f   Thumb Code     0  __scatter.o(!!!scatter)
    __scatterload_zeroinit                   0x000002c5   Thumb Code    28  __scatter_zi.o(!!handler_zi)
    __rt_lib_init                            0x000002e1   Thumb Code     0  libinit.o(.ARM.Collect$$libinit$$00000000)
    __rt_lib_init_fp_1                       0x000002e3   Thumb Code     0  libinit2.o(.ARM.Collect$$libinit$$00000001)
    __rt_lib_init_alloca_1                   0x000002e7   Thumb Code     0  libinit2.o(.ARM.Collect$$libinit$$00000030)
    __rt_lib_init_argv_1                     0x000002e7   Thumb Code     0  libinit2.o(.ARM.Collect$$libinit$$0000002E)
    __rt_lib_init_atexit_1                   0x000002e7   Thumb Code     0  libinit2.o(.ARM.Collect$$libinit$$0000001D)
    __rt_lib_init_clock_1                    0x000002e7   Thumb Code     0  libinit2.o(.ARM.Collect$$libinit$$00000023)
    __rt_lib_init_cpp_1                      0x000002e7   Thumb Code     0  libinit2.o(.ARM.Collect$$libinit$$00000034)
    __rt_lib_init_exceptions_1               0x000002e7   Thumb Code     0  libinit2.o(.ARM.Collect$$libinit$$00000032)
    __rt_lib_init_fp_trap_1                  0x000002e7   Thumb Code     0  libinit2.o(.ARM.Collect$$libinit$$00000021)
    __rt_lib_init_getenv_1                   0x000002e7   Thumb Code     0  libinit2.o(.ARM.Collect$$libinit$$00000025)
    __rt_lib_init_heap_1                     0x000002e7   Thumb Code     0  libinit2.o(.ARM.Collect$$libinit$$0000000C)
    __rt_lib_init_lc_collate_1               0x000002e7   Thumb Code     0  libinit2.o(.ARM.Collect$$libinit$$00000013)
    __rt_lib_init_lc_ctype_1                 0x000002e7   Thumb Code     0  libinit2.o(.ARM.Collect$$libinit$$00000015)
    __rt_lib_init_lc_monetary_1              0x000002e7   Thumb Code     0  libinit2.o(.ARM.Collect$$libinit$$00000017)
    __rt_lib_init_lc_numeric_1               0x000002e7   Thumb Code     0  libinit2.o(.ARM.Collect$$libinit$$00000019)
    __rt_lib_init_lc_time_1                  0x000002e7   Thumb Code     0  libinit2.o(.ARM.Collect$$libinit$$0000001B)
    __rt_lib_init_preinit_1                  0x000002e7   Thumb Code     0  libinit2.o(.ARM.Collect$$libinit$$00000006)
    __rt_lib_init_rand_1                     0x000002e7   Thumb Code     0  libinit2.o(.ARM.Collect$$libinit$$00000010)
    __rt_lib_init_relocate_pie_1             0x000002e7   Thumb Code     0  libinit2.o(.ARM.Collect$$libinit$$00000004)
    __rt_lib_init_return                     0x000002e7   Thumb Code     0  libinit2.o(.ARM.Collect$$libinit$$00000035)
    __rt_lib_init_signal_1                   0x000002e7   Thumb Code     0  libinit2.o(.ARM.Collect$$libinit$$0000001F)
    __rt_lib_init_stdio_1                    0x000002e7   Thumb Code     0  libinit2.o(.ARM.Collect$$libinit$$00000027)
    __rt_lib_init_user_alloc_1               0x000002e7   Thumb Code     0  libinit2.o(.ARM.Collect$$libinit$$0000000E)
    __rt_lib_shutdown                        0x000002e9   Thumb Code     0  libshutdown.o(.ARM.Collect$$libshutdown$$00000000)
    __rt_lib_shutdown_cpp_1                  0x000002eb   Thumb Code     0  libshutdown2.o(.ARM.Collect$$libshutdown$$00000002)
    __rt_lib_shutdown_fp_trap_1              0x000002eb   Thumb Code     0  libshutdown2.o(.ARM.Collect$$libshutdown$$00000007)
    __rt_lib_shutdown_heap_1                 0x000002eb   Thumb Code     0  libshutdown2.o(.ARM.Collect$$libshutdown$$0000000F)
    __rt_lib_shutdown_return                 0x000002eb   Thumb Code     0  libshutdown2.o(.ARM.Collect$$libshutdown$$00000010)
    __rt_lib_shutdown_signal_1               0x000002eb   Thumb Code     0  libshutdown2.o(.ARM.Collect$$libshutdown$$0000000A)
    __rt_lib_shutdown_stdio_1                0x000002eb   Thumb Code     0  libshutdown2.o(.ARM.Collect$$libshutdown$$00000004)
    __rt_lib_shutdown_user_alloc_1           0x000002eb   Thumb Code     0  libshutdown2.o(.ARM.Collect$$libshutdown$$0000000C)
    __rt_entry                               0x000002ed   Thumb Code     0  __rtentry.o(.ARM.Collect$$rtentry$$00000000)
    __rt_entry_presh_1                       0x000002ed   Thumb Code     0  __rtentry2.o(.ARM.Collect$$rtentry$$00000002)
    __rt_entry_sh                            0x000002ed   Thumb Code     0  __rtentry4.o(.ARM.Collect$$rtentry$$00000004)
    __rt_entry_li                            0x000002f3   Thumb Code     0  __rtentry2.o(.ARM.Collect$$rtentry$$0000000A)
    __rt_entry_postsh_1                      0x000002f3   Thumb Code     0  __rtentry2.o(.ARM.Collect$$rtentry$$00000009)
    __rt_entry_main                          0x000002f7   Thumb Code     0  __rtentry2.o(.ARM.Collect$$rtentry$$0000000D)
    __rt_entry_postli_1                      0x000002f7   Thumb Code     0  __rtentry2.o(.ARM.Collect$$rtentry$$0000000C)
    __rt_exit                                0x000002ff   Thumb Code     0  rtexit.o(.ARM.Collect$$rtexit$$00000000)
    __rt_exit_ls                             0x00000301   Thumb Code     0  rtexit2.o(.ARM.Collect$$rtexit$$00000003)
    __rt_exit_prels_1                        0x00000301   Thumb Code     0  rtexit2.o(.ARM.Collect$$rtexit$$00000002)
    __rt_exit_exit                           0x00000305   Thumb Code     0  rtexit2.o(.ARM.Collect$$rtexit$$00000004)
    __user_initial_stackheap                 0x0000030d   Thumb Code     0  startup.o(.text)
    __use_two_region_memory                  0x00000325   Thumb Code     2  heapauxi.o(.text)
    __rt_heap_escrow$2region                 0x00000327   Thumb Code     2  heapauxi.o(.text)
    __rt_heap_expand$2region                 0x00000329   Thumb Code     2  heapauxi.o(.text)
    __user_libspace                          0x0000032d   Thumb Code     8  libspace.o(.text)
    __user_perproc_libspace                  0x0000032d   Thumb Code     0  libspace.o(.text)
    __user_perthread_libspace                0x0000032d   Thumb Code     0  libspace.o(.text)
    __user_setup_stackheap                   0x00000335   Thumb Code    74  sys_stackheap_outer.o(.text)
    exit                                     0x0000037f   Thumb Code    18  exit.o(.text)
    _sys_exit                                0x00000391   Thumb Code     8  sys_exit.o(.text)
    __I$use$semihosting                      0x0000039d   Thumb Code     0  use_no_semi.o(.text)
    __use_no_semihosting_swi                 0x0000039d   Thumb Code     2  use_no_semi.o(.text)
    __semihosting_library_function           0x0000039f   Thumb Code     0  indicate_semi.o(.text)
    Delay_ms                                 0x000003a1   Thumb Code    62  i2c.o(.text.Delay_ms)
    I2C3_Init                                0x000003e1   Thumb Code   122  i2c.o(.text.I2C3_Init)
    I2C3_Wr                                  0x0000045d   Thumb Code   188  i2c.o(.text.I2C3_Wr)
    I2C3_Write_Multiple                      0x00000519   Thumb Code   264  i2c.o(.text.I2C3_Write_Multiple)
    OLED_Clear                               0x00000645   Thumb Code    90  i2c.o(.text.OLED_Clear)
    OLED_Command                             0x000006a1   Thumb Code    24  i2c.o(.text.OLED_Command)
    OLED_Data                                0x000006b9   Thumb Code    24  i2c.o(.text.OLED_Data)
    OLED_Draw_Rectangle                      0x000006d1   Thumb Code   208  i2c.o(.text.OLED_Draw_Rectangle)
    OLED_Init                                0x000007a1   Thumb Code   164  i2c.o(.text.OLED_Init)
    OLED_PutChar                             0x00000845   Thumb Code    92  i2c.o(.text.OLED_PutChar)
    OLED_Write_String                        0x000008a1   Thumb Code    34  i2c.o(.text.OLED_Write_String)
    OLED_YX                                  0x000008c5   Thumb Code    60  i2c.o(.text.OLED_YX)
    main                                     0x00000901   Thumb Code    88  i2c.o(.text.main)
    _fp_init                                 0x00000959   Thumb Code    26  fpinit.o(x$fpl$fpinit)
    __fplib_config_fpu_vfp                   0x00000971   Thumb Code     0  fpinit.o(x$fpl$fpinit)
    __fplib_config_pureend_doubles           0x00000971   Thumb Code     0  fpinit.o(x$fpl$fpinit)
    OledFont                                 0x00000972   Data         768  i2c.o(.rodata.OledFont)
    Region$$Table$$Base                      0x00000c80   Number         0  anon$$obj.o(Region$$Table)
    Region$$Table$$Limit                     0x00000c90   Number         0  anon$$obj.o(Region$$Table)
    __libspace_start                         0x20000000   Data          96  libspace.o(.bss)
    __temporary_stack_top$libspace           0x20000060   Data           0  libspace.o(.bss)



==============================================================================

Memory Map of the image

  Image Entry point : 0x0000026d

  Load Region LR_1 (Base: 0x00000000, Size: 0x00000c90, Max: 0xffffffff, ABSOLUTE)

    Execution Region ER_RO (Exec base: 0x00000000, Load base: 0x00000000, Size: 0x00000c90, Max: 0xffffffff, ABSOLUTE)

    Exec Addr    Load Addr    Size         Type   Attr      Idx    E Section Name        Object

    0x00000000   0x00000000   0x00000288   Code   RO            3  * RESET               startup.o
    0x00000288   0x00000288   0x00000008   Code   RO         2386  * !!!main             c_w.l(__main.o)
    0x00000290   0x00000290   0x00000034   Code   RO         2894    !!!scatter          c_w.l(__scatter.o)
    0x000002c4   0x000002c4   0x0000001c   Code   RO         2896    !!handler_zi        c_w.l(__scatter_zi.o)
    0x000002e0   0x000002e0   0x00000002   Code   RO         2750    .ARM.Collect$$libinit$$00000000  c_w.l(libinit.o)
    0x000002e2   0x000002e2   0x00000004   Code   RO         2766    .ARM.Collect$$libinit$$00000001  c_w.l(libinit2.o)
    0x000002e6   0x000002e6   0x00000000   Code   RO         2769    .ARM.Collect$$libinit$$00000004  c_w.l(libinit2.o)
    0x000002e6   0x000002e6   0x00000000   Code   RO         2771    .ARM.Collect$$libinit$$00000006  c_w.l(libinit2.o)
    0x000002e6   0x000002e6   0x00000000   Code   RO         2774    .ARM.Collect$$libinit$$0000000C  c_w.l(libinit2.o)
    0x000002e6   0x000002e6   0x00000000   Code   RO         2776    .ARM.Collect$$libinit$$0000000E  c_w.l(libinit2.o)
    0x000002e6   0x000002e6   0x00000000   Code   RO         2778    .ARM.Collect$$libinit$$00000010  c_w.l(libinit2.o)
    0x000002e6   0x000002e6   0x00000000   Code   RO         2781    .ARM.Collect$$libinit$$00000013  c_w.l(libinit2.o)
    0x000002e6   0x000002e6   0x00000000   Code   RO         2783    .ARM.Collect$$libinit$$00000015  c_w.l(libinit2.o)
    0x000002e6   0x000002e6   0x00000000   Code   RO         2785    .ARM.Collect$$libinit$$00000017  c_w.l(libinit2.o)
    0x000002e6   0x000002e6   0x00000000   Code   RO         2787    .ARM.Collect$$libinit$$00000019  c_w.l(libinit2.o)
    0x000002e6   0x000002e6   0x00000000   Code   RO         2789    .ARM.Collect$$libinit$$0000001B  c_w.l(libinit2.o)
    0x000002e6   0x000002e6   0x00000000   Code   RO         2791    .ARM.Collect$$libinit$$0000001D  c_w.l(libinit2.o)
    0x000002e6   0x000002e6   0x00000000   Code   RO         2793    .ARM.Collect$$libinit$$0000001F  c_w.l(libinit2.o)
    0x000002e6   0x000002e6   0x00000000   Code   RO         2795    .ARM.Collect$$libinit$$00000021  c_w.l(libinit2.o)
    0x000002e6   0x000002e6   0x00000000   Code   RO         2797    .ARM.Collect$$libinit$$00000023  c_w.l(libinit2.o)
    0x000002e6   0x000002e6   0x00000000   Code   RO         2799    .ARM.Collect$$libinit$$00000025  c_w.l(libinit2.o)
    0x000002e6   0x000002e6   0x00000000   Code   RO         2801    .ARM.Collect$$libinit$$00000027  c_w.l(libinit2.o)
    0x000002e6   0x000002e6   0x00000000   Code   RO         2805    .ARM.Collect$$libinit$$0000002E  c_w.l(libinit2.o)
    0x000002e6   0x000002e6   0x00000000   Code   RO         2807    .ARM.Collect$$libinit$$00000030  c_w.l(libinit2.o)
    0x000002e6   0x000002e6   0x00000000   Code   RO         2809    .ARM.Collect$$libinit$$00000032  c_w.l(libinit2.o)
    0x000002e6   0x000002e6   0x00000000   Code   RO         2811    .ARM.Collect$$libinit$$00000034  c_w.l(libinit2.o)
    0x000002e6   0x000002e6   0x00000002   Code   RO         2812    .ARM.Collect$$libinit$$00000035  c_w.l(libinit2.o)
    0x000002e8   0x000002e8   0x00000002   Code   RO         2849    .ARM.Collect$$libshutdown$$00000000  c_w.l(libshutdown.o)
    0x000002ea   0x000002ea   0x00000000   Code   RO         2877    .ARM.Collect$$libshutdown$$00000002  c_w.l(libshutdown2.o)
    0x000002ea   0x000002ea   0x00000000   Code   RO         2879    .ARM.Collect$$libshutdown$$00000004  c_w.l(libshutdown2.o)
    0x000002ea   0x000002ea   0x00000000   Code   RO         2882    .ARM.Collect$$libshutdown$$00000007  c_w.l(libshutdown2.o)
    0x000002ea   0x000002ea   0x00000000   Code   RO         2885    .ARM.Collect$$libshutdown$$0000000A  c_w.l(libshutdown2.o)
    0x000002ea   0x000002ea   0x00000000   Code   RO         2887    .ARM.Collect$$libshutdown$$0000000C  c_w.l(libshutdown2.o)
    0x000002ea   0x000002ea   0x00000000   Code   RO         2890    .ARM.Collect$$libshutdown$$0000000F  c_w.l(libshutdown2.o)
    0x000002ea   0x000002ea   0x00000002   Code   RO         2891    .ARM.Collect$$libshutdown$$00000010  c_w.l(libshutdown2.o)
    0x000002ec   0x000002ec   0x00000000   Code   RO         2485    .ARM.Collect$$rtentry$$00000000  c_w.l(__rtentry.o)
    0x000002ec   0x000002ec   0x00000000   Code   RO         2652    .ARM.Collect$$rtentry$$00000002  c_w.l(__rtentry2.o)
    0x000002ec   0x000002ec   0x00000006   Code   RO         2664    .ARM.Collect$$rtentry$$00000004  c_w.l(__rtentry4.o)
    0x000002f2   0x000002f2   0x00000000   Code   RO         2654    .ARM.Collect$$rtentry$$00000009  c_w.l(__rtentry2.o)
    0x000002f2   0x000002f2   0x00000004   Code   RO         2655    .ARM.Collect$$rtentry$$0000000A  c_w.l(__rtentry2.o)
    0x000002f6   0x000002f6   0x00000000   Code   RO         2657    .ARM.Collect$$rtentry$$0000000C  c_w.l(__rtentry2.o)
    0x000002f6   0x000002f6   0x00000008   Code   RO         2658    .ARM.Collect$$rtentry$$0000000D  c_w.l(__rtentry2.o)
    0x000002fe   0x000002fe   0x00000002   Code   RO         2751    .ARM.Collect$$rtexit$$00000000  c_w.l(rtexit.o)
    0x00000300   0x00000300   0x00000000   Code   RO         2818    .ARM.Collect$$rtexit$$00000002  c_w.l(rtexit2.o)
    0x00000300   0x00000300   0x00000004   Code   RO         2819    .ARM.Collect$$rtexit$$00000003  c_w.l(rtexit2.o)
    0x00000304   0x00000304   0x00000006   Code   RO         2820    .ARM.Collect$$rtexit$$00000004  c_w.l(rtexit2.o)
    0x0000030a   0x0000030a   0x00000002   PAD
    0x0000030c   0x0000030c   0x00000018   Code   RO            4    .text               startup.o
    0x00000324   0x00000324   0x00000006   Code   RO         2384    .text               c_w.l(heapauxi.o)
    0x0000032a   0x0000032a   0x00000002   PAD
    0x0000032c   0x0000032c   0x00000008   Code   RO         2695    .text               c_w.l(libspace.o)
    0x00000334   0x00000334   0x0000004a   Code   RO         2698    .text               c_w.l(sys_stackheap_outer.o)
    0x0000037e   0x0000037e   0x00000012   Code   RO         2739    .text               c_w.l(exit.o)
    0x00000390   0x00000390   0x0000000c   Code   RO         2813    .text               c_w.l(sys_exit.o)
    0x0000039c   0x0000039c   0x00000002   Code   RO         2838    .text               c_w.l(use_no_semi.o)
    0x0000039e   0x0000039e   0x00000000   Code   RO         2840    .text               c_w.l(indicate_semi.o)
    0x0000039e   0x0000039e   0x00000002   PAD
    0x000003a0   0x000003a0   0x0000003e   Code   RO           20    .text.Delay_ms      i2c.o
    0x000003de   0x000003de   0x00000002   PAD
    0x000003e0   0x000003e0   0x0000007a   Code   RO           14    .text.I2C3_Init     i2c.o
    0x0000045a   0x0000045a   0x00000002   PAD
    0x0000045c   0x0000045c   0x000000bc   Code   RO           24    .text.I2C3_Wr       i2c.o
    0x00000518   0x00000518   0x00000108   Code   RO           28    .text.I2C3_Write_Multiple  i2c.o
    0x00000620   0x00000620   0x00000024   Code   RO           26    .text.I2C_wait_till_done  i2c.o
    0x00000644   0x00000644   0x0000005a   Code   RO           38    .text.OLED_Clear    i2c.o
    0x0000069e   0x0000069e   0x00000002   PAD
    0x000006a0   0x000006a0   0x00000018   Code   RO           30    .text.OLED_Command  i2c.o
    0x000006b8   0x000006b8   0x00000018   Code   RO           32    .text.OLED_Data     i2c.o
    0x000006d0   0x000006d0   0x000000d0   Code   RO           22    .text.OLED_Draw_Rectangle  i2c.o
    0x000007a0   0x000007a0   0x000000a4   Code   RO           34    .text.OLED_Init     i2c.o
    0x00000844   0x00000844   0x0000005c   Code   RO           36    .text.OLED_PutChar  i2c.o
    0x000008a0   0x000008a0   0x00000022   Code   RO           18    .text.OLED_Write_String  i2c.o
    0x000008c2   0x000008c2   0x00000002   PAD
    0x000008c4   0x000008c4   0x0000003c   Code   RO           16    .text.OLED_YX       i2c.o
    0x00000900   0x00000900   0x00000058   Code   RO           12    .text.main          i2c.o
    0x00000958   0x00000958   0x0000001a   Code   RO         2832    x$fpl$fpinit        fz_wm.l(fpinit.o)
    0x00000972   0x00000972   0x00000300   Data   RO           46    .rodata.OledFont    i2c.o
    0x00000c72   0x00000c72   0x0000000d   Data   RO           47    .rodata.str1.1      i2c.o
    0x00000c7f   0x00000c7f   0x00000001   PAD
    0x00000c80   0x00000c80   0x00000010   Data   RO         2893    Region$$Table       anon$$obj.o


    Execution Region ER_RW (Exec base: 0x20000000, Load base: 0x00000c90, Size: 0x00000000, Max: 0xffffffff, ABSOLUTE)

    **** No section assigned to this execution region ****


    Execution Region ER_ZI (Exec base: 0x20000000, Load base: 0x00000c90, Size: 0x00000160, Max: 0xffffffff, ABSOLUTE)

    Exec Addr    Load Addr    Size         Type   Attr      Idx    E Section Name        Object

    0x20000000        -       0x00000060   Zero   RW         2696    .bss                c_w.l(libspace.o)
    0x20000060        -       0x00000000   Zero   RW            2    HEAP                startup.o
    0x20000060        -       0x00000100   Zero   RW            1    STACK               startup.o


==============================================================================

Image component sizes


      Code (inc. data)   RO Data    RW Data    ZI Data      Debug   Object Name

      1456          0        781          0          0      10289   i2c.o
       672        636          0          0        256        484   startup.o

    ----------------------------------------------------------------------
      2136        636        798          0        256      10773   Object Totals
         0          0         16          0          0          0   (incl. Generated)
         8          0          1          0          0          0   (incl. Padding)

    ----------------------------------------------------------------------

      Code (inc. data)   RO Data    RW Data    ZI Data      Debug   Library Member Name

         8          0          0          0          0         68   __main.o
         0          0          0          0          0          0   __rtentry.o
        12          0          0          0          0          0   __rtentry2.o
         6          0          0          0          0          0   __rtentry4.o
        52          8          0          0          0          0   __scatter.o
        28          0          0          0          0          0   __scatter_zi.o
        18          0          0          0          0         80   exit.o
         6          0          0          0          0        152   heapauxi.o
         0          0          0          0          0          0   indicate_semi.o
         2          0          0          0          0          0   libinit.o
         6          0          0          0          0          0   libinit2.o
         2          0          0          0          0          0   libshutdown.o
         2          0          0          0          0          0   libshutdown2.o
         8          4          0          0         96         68   libspace.o
         2          0          0          0          0          0   rtexit.o
        10          0          0          0          0          0   rtexit2.o
        12          4          0          0          0         68   sys_exit.o
        74          0          0          0          0         80   sys_stackheap_outer.o
         2          0          0          0          0         68   use_no_semi.o
        26          0          0          0          0        116   fpinit.o

    ----------------------------------------------------------------------
       282         16          0          0         96        700   Library Totals
         6          0          0          0          0          0   (incl. Padding)

    ----------------------------------------------------------------------

      Code (inc. data)   RO Data    RW Data    ZI Data      Debug   Library Name

       250         16          0          0         96        584   c_w.l
        26          0          0          0          0        116   fz_wm.l

    ----------------------------------------------------------------------
       282         16          0          0         96        700   Library Totals

    ----------------------------------------------------------------------

==============================================================================


      Code (inc. data)   RO Data    RW Data    ZI Data      Debug   

      2418        652        798          0        352      11349   Grand Totals
      2418        652        798          0        352      11349   ELF Image Totals
      2418        652        798          0          0          0   ROM Totals

==============================================================================

    Total RO  Size (Code + RO Data)                 3216 (   3.14kB)
    Total RW  Size (RW Data + ZI Data)               352 (   0.34kB)
    Total ROM Size (Code + RO Data + RW Data)       3216 (   3.14kB)

==============================================================================

